Archive member included to satisfy reference by file (symbol)

/opt/gcc-arm-none-eabi-9-2019-q4-major/bin/../lib/gcc/arm-none-eabi/9.2.1/../../../../arm-none-eabi/lib/thumb/v7e-m+fp/softfp/libc_nano.a(lib_a-exit.o)
                              build_mx8qx_b0/board/board_common.o (exit)
/opt/gcc-arm-none-eabi-9-2019-q4-major/bin/../lib/gcc/arm-none-eabi/9.2.1/../../../../arm-none-eabi/lib/thumb/v7e-m+fp/softfp/libc_nano.a(lib_a-impure.o)
                              /opt/gcc-arm-none-eabi-9-2019-q4-major/bin/../lib/gcc/arm-none-eabi/9.2.1/../../../../arm-none-eabi/lib/thumb/v7e-m+fp/softfp/libc_nano.a(lib_a-exit.o) (_global_impure_ptr)
/opt/gcc-arm-none-eabi-9-2019-q4-major/bin/../lib/gcc/arm-none-eabi/9.2.1/../../../../arm-none-eabi/lib/thumb/v7e-m+fp/softfp/libc_nano.a(lib_a-init.o)
                              build_mx8qx_b0/board/board.o (__libc_init_array)
/opt/gcc-arm-none-eabi-9-2019-q4-major/bin/../lib/gcc/arm-none-eabi/9.2.1/../../../../arm-none-eabi/lib/thumb/v7e-m+fp/softfp/libc_nano.a(lib_a-nano-vfprintf.o)
                              build_mx8qx_b0/board/board_common.o (vfprintf)
/opt/gcc-arm-none-eabi-9-2019-q4-major/bin/../lib/gcc/arm-none-eabi/9.2.1/../../../../arm-none-eabi/lib/thumb/v7e-m+fp/softfp/libc_nano.a(lib_a-nano-vfprintf_i.o)
                              /opt/gcc-arm-none-eabi-9-2019-q4-major/bin/../lib/gcc/arm-none-eabi/9.2.1/../../../../arm-none-eabi/lib/thumb/v7e-m+fp/softfp/libc_nano.a(lib_a-nano-vfprintf.o) (_printf_i)
/opt/gcc-arm-none-eabi-9-2019-q4-major/bin/../lib/gcc/arm-none-eabi/9.2.1/../../../../arm-none-eabi/lib/thumb/v7e-m+fp/softfp/libc_nano.a(lib_a-reent.o)
                              build_mx8qx_b0/utilities/newlib_stubs.o (errno)
/opt/gcc-arm-none-eabi-9-2019-q4-major/bin/../lib/gcc/arm-none-eabi/9.2.1/../../../../arm-none-eabi/lib/thumb/v7e-m+fp/softfp/libc_nano.a(lib_a-setvbuf.o)
                              build_mx8qx_b0/board/board_common.o (setvbuf)
/opt/gcc-arm-none-eabi-9-2019-q4-major/bin/../lib/gcc/arm-none-eabi/9.2.1/../../../../arm-none-eabi/lib/thumb/v7e-m+fp/softfp/libc_nano.a(lib_a-wbuf.o)
                              /opt/gcc-arm-none-eabi-9-2019-q4-major/bin/../lib/gcc/arm-none-eabi/9.2.1/../../../../arm-none-eabi/lib/thumb/v7e-m+fp/softfp/libc_nano.a(lib_a-nano-vfprintf.o) (__swbuf_r)
/opt/gcc-arm-none-eabi-9-2019-q4-major/bin/../lib/gcc/arm-none-eabi/9.2.1/../../../../arm-none-eabi/lib/thumb/v7e-m+fp/softfp/libc_nano.a(lib_a-wsetup.o)
                              /opt/gcc-arm-none-eabi-9-2019-q4-major/bin/../lib/gcc/arm-none-eabi/9.2.1/../../../../arm-none-eabi/lib/thumb/v7e-m+fp/softfp/libc_nano.a(lib_a-nano-vfprintf.o) (__swsetup_r)
/opt/gcc-arm-none-eabi-9-2019-q4-major/bin/../lib/gcc/arm-none-eabi/9.2.1/../../../../arm-none-eabi/lib/thumb/v7e-m+fp/softfp/libc_nano.a(lib_a-fflush.o)
                              /opt/gcc-arm-none-eabi-9-2019-q4-major/bin/../lib/gcc/arm-none-eabi/9.2.1/../../../../arm-none-eabi/lib/thumb/v7e-m+fp/softfp/libc_nano.a(lib_a-setvbuf.o) (_fflush_r)
/opt/gcc-arm-none-eabi-9-2019-q4-major/bin/../lib/gcc/arm-none-eabi/9.2.1/../../../../arm-none-eabi/lib/thumb/v7e-m+fp/softfp/libc_nano.a(lib_a-findfp.o)
                              /opt/gcc-arm-none-eabi-9-2019-q4-major/bin/../lib/gcc/arm-none-eabi/9.2.1/../../../../arm-none-eabi/lib/thumb/v7e-m+fp/softfp/libc_nano.a(lib_a-nano-vfprintf.o) (__sinit)
/opt/gcc-arm-none-eabi-9-2019-q4-major/bin/../lib/gcc/arm-none-eabi/9.2.1/../../../../arm-none-eabi/lib/thumb/v7e-m+fp/softfp/libc_nano.a(lib_a-fvwrite.o)
                              /opt/gcc-arm-none-eabi-9-2019-q4-major/bin/../lib/gcc/arm-none-eabi/9.2.1/../../../../arm-none-eabi/lib/thumb/v7e-m+fp/softfp/libc_nano.a(lib_a-nano-vfprintf.o) (__sfvwrite_r)
/opt/gcc-arm-none-eabi-9-2019-q4-major/bin/../lib/gcc/arm-none-eabi/9.2.1/../../../../arm-none-eabi/lib/thumb/v7e-m+fp/softfp/libc_nano.a(lib_a-fwalk.o)
                              /opt/gcc-arm-none-eabi-9-2019-q4-major/bin/../lib/gcc/arm-none-eabi/9.2.1/../../../../arm-none-eabi/lib/thumb/v7e-m+fp/softfp/libc_nano.a(lib_a-findfp.o) (_fwalk)
/opt/gcc-arm-none-eabi-9-2019-q4-major/bin/../lib/gcc/arm-none-eabi/9.2.1/../../../../arm-none-eabi/lib/thumb/v7e-m+fp/softfp/libc_nano.a(lib_a-lock.o)
                              /opt/gcc-arm-none-eabi-9-2019-q4-major/bin/../lib/gcc/arm-none-eabi/9.2.1/../../../../arm-none-eabi/lib/thumb/v7e-m+fp/softfp/libc_nano.a(lib_a-findfp.o) (__retarget_lock_init_recursive)
/opt/gcc-arm-none-eabi-9-2019-q4-major/bin/../lib/gcc/arm-none-eabi/9.2.1/../../../../arm-none-eabi/lib/thumb/v7e-m+fp/softfp/libc_nano.a(lib_a-makebuf.o)
                              /opt/gcc-arm-none-eabi-9-2019-q4-major/bin/../lib/gcc/arm-none-eabi/9.2.1/../../../../arm-none-eabi/lib/thumb/v7e-m+fp/softfp/libc_nano.a(lib_a-setvbuf.o) (__swhatbuf_r)
/opt/gcc-arm-none-eabi-9-2019-q4-major/bin/../lib/gcc/arm-none-eabi/9.2.1/../../../../arm-none-eabi/lib/thumb/v7e-m+fp/softfp/libc_nano.a(lib_a-malloc.o)
[...]
Memory Configuration

Name             Origin             Length             Attributes
m_interrupts     0x000000001ffe0000 0x0000000000000280 xr
m_text           0x000000001ffe0280 0x000000000002fd70 xr
m_emul           0x000000002000fff0 0x0000000000000010 xr
m_data           0x0000000020010000 0x000000000000cfc0 rw
m_debug          0x000000002001cfc0 0x0000000000000040 rw
m_data_2         0x000000002001d000 0x0000000000002000 rw
*default*        0x0000000000000000 0xffffffffffffffff

Linker script and memory map

                0x0000000000000001                __ram_vector_table__ = 0x1
LOAD build_mx8qx_b0/devices/startup.o
LOAD build_mx8qx_b0/devices/memops.o
LOAD build_mx8qx_b0/devices/memcpy-armv7m.o
LOAD build_mx8qx_b0/devices/aeabi_memset-thumb2.o
LOAD build_mx8qx_b0/devices/MX8QX/system_MX8QX.o
LOAD build_mx8qx_b0/devices/MX8QX/handlers_MX8QX.o
LOAD build_mx8qx_b0/devices/MX8QX/gcc/startup_MX8QX.o
LOAD build_mx8qx_b0/main/main.o
LOAD build_mx8qx_b0/main/main_common.o
LOAD build_mx8qx_b0/main/boot.o
LOAD build_mx8qx_b0/main/rpc.o
LOAD build_mx8qx_b0/main/ipc_srv.o
LOAD build_mx8qx_b0/main/ipc.o
LOAD build_mx8qx_b0/utilities/newlib_stubs.o
LOAD build_mx8qx_b0/soc/MX8QX/soc.o
LOAD build_mx8qx_b0/soc/common/soc_common.o
LOAD build_mx8qx_b0/drivers/analog/fsl_analog.o
LOAD build_mx8qx_b0/drivers/analog/fsl_analog_refgen.o
LOAD build_mx8qx_b0/drivers/analog/fsl_analog_fbb.o
LOAD build_mx8qx_b0/drivers/analog/fsl_analog_pll.o
LOAD build_mx8qx_b0/drivers/csr/fsl_csr.o
LOAD build_mx8qx_b0/drivers/dsc/fsl_dsc.o
LOAD build_mx8qx_b0/drivers/dsc/fsl_dsc_ai.o
LOAD build_mx8qx_b0/drivers/pad/fsl_pad.o
LOAD build_mx8qx_b0/drivers/seco/v2/fsl_seco.o
LOAD build_mx8qx_b0/drivers/sysctr/fsl_sysctr.o
LOAD build_mx8qx_b0/drivers/xrdc2/fsl_xrdc2.o
LOAD build_mx8qx_b0/drivers/mtr/fsl_mtr.o
LOAD build_mx8qx_b0/drivers/gpio/fsl_gpio.o
LOAD build_mx8qx_b0/drivers/igpio/fsl_igpio.o
LOAD build_mx8qx_b0/drivers/lmem/fsl_lmem_cache.o
LOAD build_mx8qx_b0/drivers/lpi2c/fsl_lpi2c.o
LOAD build_mx8qx_b0/drivers/lpit/fsl_lpit.o
LOAD build_mx8qx_b0/drivers/lpcg/fsl_lpcg.o
LOAD build_mx8qx_b0/drivers/lpuart/fsl_lpuart.o
LOAD build_mx8qx_b0/drivers/mu/fsl_mu.o
LOAD build_mx8qx_b0/drivers/otp/fsl_otp.o
LOAD build_mx8qx_b0/drivers/snvs/v2/fsl_snvs.o
LOAD build_mx8qx_b0/drivers/stc/fsl_stc.o
LOAD build_mx8qx_b0/drivers/systick/fsl_systick.o
LOAD build_mx8qx_b0/drivers/drc/fsl_drc.o
LOAD build_mx8qx_b0/drivers/drc/fsl_drc_dqs2dq.o
LOAD build_mx8qx_b0/drivers/drc/fsl_drc_cbt.o
LOAD build_mx8qx_b0/drivers/drc/fsl_drc_derate.o
LOAD build_mx8qx_b0/drivers/wdog32/fsl_wdog32.o
LOAD build_mx8qx_b0/drivers/pmic/fsl_pmic.o
LOAD build_mx8qx_b0/drivers/pmic/pf8100/fsl_pf8100.o
LOAD build_mx8qx_b0/ss/inf/inf.o
LOAD build_mx8qx_b0/ss/a35/v1/ss.o
LOAD build_mx8qx_b0/ss/adma/v2/ss.o
LOAD build_mx8qx_b0/ss/base/ss.o
LOAD build_mx8qx_b0/ss/conn/v1/ss.o
LOAD build_mx8qx_b0/ss/csi/v1/ss.o
LOAD build_mx8qx_b0/ss/db/v2/ss.o
LOAD build_mx8qx_b0/ss/dc/v1/ss.o
LOAD build_mx8qx_b0/ss/drc/v2/ss.o
LOAD build_mx8qx_b0/ss/gpu/v2/ss.o
LOAD build_mx8qx_b0/ss/hsio/v2/ss.o
LOAD build_mx8qx_b0/ss/img/v1/ss.o
LOAD build_mx8qx_b0/ss/lsio/v2/ss.o
LOAD build_mx8qx_b0/ss/m4/v1/ss.o
LOAD build_mx8qx_b0/ss/mipi/v2/ss.o
LOAD build_mx8qx_b0/ss/pi/v1/ss.o
LOAD build_mx8qx_b0/ss/sc/v2/ss.o
LOAD build_mx8qx_b0/ss/vpu/v4/ss.o
LOAD build_mx8qx_b0/board/mx8qx_mek/board.o
LOAD build_mx8qx_b0/board/board_common.o
LOAD build_mx8qx_b0/board/board.o
LOAD build_mx8qx_b0/svc/irq/svc.o
LOAD build_mx8qx_b0/svc/misc/svc.o
LOAD build_mx8qx_b0/svc/pad/svc.o
LOAD build_mx8qx_b0/svc/pm/svc.o
LOAD build_mx8qx_b0/svc/rm/svc.o
LOAD build_mx8qx_b0/svc/seco/svc.o
LOAD build_mx8qx_b0/svc/timer/svc.o
LOAD build_mx8qx_b0/svc/irq/rpc_srv.o
LOAD build_mx8qx_b0/svc/misc/rpc_srv.o
LOAD build_mx8qx_b0/svc/pad/rpc_srv.o
LOAD build_mx8qx_b0/svc/pm/rpc_srv.o
LOAD build_mx8qx_b0/svc/rm/rpc_srv.o
LOAD build_mx8qx_b0/svc/seco/rpc_srv.o
LOAD build_mx8qx_b0/svc/timer/rpc_srv.o
LOAD build_mx8qx_b0/svc/irq/rpc_clnt.o
LOAD build_mx8qx_b0/svc/misc/rpc_clnt.o
LOAD build_mx8qx_b0/svc/pad/rpc_clnt.o
LOAD build_mx8qx_b0/svc/pm/rpc_clnt.o
LOAD build_mx8qx_b0/svc/rm/rpc_clnt.o
LOAD build_mx8qx_b0/svc/seco/rpc_clnt.o
LOAD build_mx8qx_b0/svc/timer/rpc_clnt.o
LOAD /opt/gcc-arm-none-eabi-9-2019-q4-major/bin/../lib/gcc/arm-none-eabi/9.2.1/../../../../arm-none-eabi/lib/thumb/v7e-m+fp/softfp/libc_nano.a
LOAD /opt/gcc-arm-none-eabi-9-2019-q4-major/bin/../lib/gcc/arm-none-eabi/9.2.1/thumb/v7e-m+fp/softfp/libgcc.a
                0x0000000000001000                HEAP_SIZE = DEFINED (__heap_size__)?__heap_size__:0x1000
                0x0000000000000800                STACK_SIZE = DEFINED (__stack_size__)?__stack_size__:0x800
                0x0000000000000010                EMUL_SIZE = DEFINED (__emul_size__)?__emul_size__:0x10
                0x0000000000000040                DEBUG_DATA_SIZE = DEFINED (__debug_data_size__)?__debug_data_size__:0x40
                0x000000000000000b                GUARD_LOG2 = DEFINED (__guard_log2__)?__guard_log2__:0xb
                0x0000000000000800                GUARD_SIZE = (0x1 << GUARD_LOG2)

.interrupts     0x000000001ffe0000      0x250
                0x000000001ffe0000                . = ALIGN (0x80)
                0x000000001ffe0000                __VECTOR_TABLE = .
 *(.isr_vector)
 .isr_vector    0x000000001ffe0000      0x250 build_mx8qx_b0/devices/MX8QX/gcc/startup_MX8QX.o
                0x000000001ffe0000                __isr_vector
                0x000000001ffe0250                . = ALIGN (0x8)
                0x000000001ffe0000                __VECTOR_RAM = __VECTOR_TABLE
                0x0000000000000000                __RAM_VECTOR_TABLE_SIZE_BYTES = 0x0

.text           0x000000001ffe0280    0x1a438
                0x000000001ffe0280                . = ALIGN (0x8)
 *(.text)
 .text          0x000000001ffe0280       0x7c build_mx8qx_b0/devices/memops.o
                0x000000001ffe0280                memcpy_unrolled_64
                0x000000001ffe02a0                memset_unrolled_64
                0x000000001ffe02d0                memset_unrolled_28
                0x000000001ffe02f0                memset_unrolled_8
 .text          0x000000001ffe02fc      0x1a8 build_mx8qx_b0/devices/memcpy-armv7m.o
                0x000000001ffe02fc                memcpy
 .text          0x000000001ffe04a4       0xa0 build_mx8qx_b0/devices/aeabi_memset-thumb2.o
                0x000000001ffe04a4                memset
 .text          0x000000001ffe0544      0x1e0 build_mx8qx_b0/devices/MX8QX/gcc/startup_MX8QX.o
                0x000000001ffe0544                Reset_Handler
                0x000000001ffe0694                NMI_Handler_Shim
                0x000000001ffe06a8                HardFault_Handler_Shim
                0x000000001ffe06bc                MemManage_Handler_Shim
                0x000000001ffe06d0                BusFault_Handler_Shim
                0x000000001ffe06e4                UsageFault_Handler_Shim
                0x000000001ffe06f8                MCM_IRQHandler_Shim
                0x000000001ffe070c                LPIT_SCU_IRQHandler_Shim
                0x000000001ffe071e                INTMUX0_3_IRQHandler
                0x000000001ffe071e                IOMUX25_IRQHandler
                0x000000001ffe071e                DSC_RX_HDMI_IRQHandler
                0x000000001ffe071e                DebugMon_Handler
                0x000000001ffe071e                INTMUX0_12_IRQHandler
                0x000000001ffe071e                DSC_DRC_1_IRQHandler
                0x000000001ffe071e                LPUART_SCU_IRQHandler
                0x000000001ffe071e                SysTick_Handler
                0x000000001ffe071e                DSC21_IRQHandler
                0x000000001ffe071e                PendSV_Handler
                0x000000001ffe071e                CAAM_IRQ1_IRQHandler
                0x000000001ffe071e                TPM0_IRQHandler
                0x000000001ffe071e                IOMUX15_IRQHandler
                0x000000001ffe071e                LPI2C0_IRQHandler
                0x000000001ffe071e                PMIC_EarlyWarning_IRQHandler
                0x000000001ffe071e                IOMUX18_IRQHandler
                0x000000001ffe071e                SYSCTR_CMP3_IRQHandler
                0x000000001ffe071e                SNVS_Periodic_IRQHandler
                0x000000001ffe071e                IOMUX23_IRQHandler
                0x000000001ffe071e                IOMUX31_IRQHandler
                0x000000001ffe071e                DSC_Connectivity_IRQHandler
                0x000000001ffe071e                IOMUX19_IRQHandler
                0x000000001ffe071e                MU0_B1_IRQHandler
                0x000000001ffe071e                INTMUX0_15_IRQHandler
                0x000000001ffe071e                IOMUX21_IRQHandler
                0x000000001ffe071e                IOMUX26_IRQHandler
                0x000000001ffe071e                SECO_MU_IRQHandler
                0x000000001ffe071e                IOMUX29_IRQHandler
                0x000000001ffe071e                DSC_MIPI_CSI_0_IRQHandler
                0x000000001ffe071e                IOMUX30_IRQHandler
                0x000000001ffe071e                INTMUX0_1_IRQHandler
                0x000000001ffe071e                DSC_DI_LVDS_0_IRQHandler
                0x000000001ffe071e                DSC_DI_MIPI_0_IRQHandler
                0x000000001ffe071e                MU0_B3_IRQHandler
                0x000000001ffe071e                DSC_DI_HDMI_IRQHandler
                0x000000001ffe071e                DSC_DC_0_IRQHandler
                0x000000001ffe071e                OCOTP_Bank0_IRQHandler
                0x000000001ffe071e                INTMUX0_6_IRQHandler
                0x000000001ffe071e                CAAM_IRQ3_IRQHandler
                0x000000001ffe071e                SYSCTR_CMP2_IRQHandler
                0x000000001ffe071e                DSC_VPUCORE_IRQHandler
                0x000000001ffe071e                DSC03_IRQHandler
                0x000000001ffe071e                INTMUX0_5_IRQHandler
                0x000000001ffe071e                SNVS_Alarm_IRQHandler
                0x000000001ffe071e                DSC_CCI_IRQHandler
                0x000000001ffe071e                INTMUX0_0_IRQHandler
                0x000000001ffe071e                INTMUX0_2_IRQHandler
                0x000000001ffe071e                INTMUX0_11_IRQHandler
                0x000000001ffe071e                INTMUX0_7_IRQHandler
                0x000000001ffe071e                DSC_DC_1_IRQHandler
                0x000000001ffe071e                IOMUX17_IRQHandler
                0x000000001ffe071e                IOMUX13_IRQHandler
                0x000000001ffe071e                SECO_MU_NMI_IRQHandler
                0x000000001ffe071e                IOMUX20_IRQHandler
                0x000000001ffe071e                DSC_Imaging_IRQHandler
                0x000000001ffe071e                SVC_Handler
                0x000000001ffe071e                DSC_MIPI_CSI_1_IRQHandler
                0x000000001ffe071e                DSC_DB_IRQHandler
                0x000000001ffe071e                DSC_DI_MIPI_1_IRQHandler
                0x000000001ffe071e                CAAM_RTIC_IRQHandler
                0x000000001ffe071e                INTMUX0_8_IRQHandler
                0x000000001ffe071e                INTMUX0_9_IRQHandler
                0x000000001ffe071e                INTMUX0_10_IRQHandler
                0x000000001ffe071e                DSC_GPU_1_IRQHandler
                0x000000001ffe071e                IOMUX24_IRQHandler
                0x000000001ffe071e                INTMUX0_13_IRQHandler
                0x000000001ffe071e                IOMUX28_IRQHandler
                0x000000001ffe071e                DSC_CM4_1_IRQHandler
                0x000000001ffe071e                IOMUX14_IRQHandler
                0x000000001ffe071e                INTMUX0_4_IRQHandler
                0x000000001ffe071e                CAAM_IRQ2_IRQHandler
                0x000000001ffe071e                DSC_DI_LVDS_1_IRQHandler
                0x000000001ffe071e                MU0_B0_IRQHandler
                0x000000001ffe071e                INTMUX0_14_IRQHandler
                0x000000001ffe071e                MU1_A_IRQHandler
                0x000000001ffe071e                CAAM_Error_IRQHandler
                0x000000001ffe071e                CAAM_IRQ0_IRQHandler
                0x000000001ffe071e                MU0_B2_IRQHandler
                0x000000001ffe071e                IOMUX27_IRQHandler
                0x000000001ffe071e                OCOTP_Bank1_IRQHandler
                0x000000001ffe071e                DSC_DBLOG_IRQHandler
                0x000000001ffe071e                DSC_HSIO_IRQHandler
                0x000000001ffe071e                DSC_CA72_IRQHandler
                0x000000001ffe071e                IOMUX22_IRQHandler
                0x000000001ffe071e                IOMUX16_IRQHandler
                0x000000001ffe071e                DSC_DMA_IRQHandler
 *fill*         0x000000001ffe0724        0xc 
 .text          0x000000001ffe0730        0xc build_mx8qx_b0/board/board.o
                0x000000001ffe0730                board_libc_init_array
 *fill*         0x000000001ffe073c        0x4 
 .text          0x000000001ffe0740       0xa0 /opt/gcc-arm-none-eabi-9-2019-q4-major/bin/../lib/gcc/arm-none-eabi/9.2.1/../../../../arm-none-eabi/lib/thumb/v7e-m+fp/softfp/libc_nano.a(lib_a-memchr.o)
                0x000000001ffe0740                memchr
 .text          0x000000001ffe07e0       0x18 /opt/gcc-arm-none-eabi-9-2019-q4-major/bin/../lib/gcc/arm-none-eabi/9.2.1/thumb/v7e-m+fp/softfp/libgcc.a(_lshrdi3.o)
                0x000000001ffe07e0                __aeabi_llsr
                0x000000001ffe07e0                __lshrdi3
 .text          0x000000001ffe07f8       0x18 /opt/gcc-arm-none-eabi-9-2019-q4-major/bin/../lib/gcc/arm-none-eabi/9.2.1/thumb/v7e-m+fp/softfp/libgcc.a(_ashldi3.o)
                0x000000001ffe07f8                __ashldi3
                0x000000001ffe07f8                __aeabi_llsl
 .text          0x000000001ffe0810       0x30 /opt/gcc-arm-none-eabi-9-2019-q4-major/bin/../lib/gcc/arm-none-eabi/9.2.1/thumb/v7e-m+fp/softfp/libgcc.a(_aeabi_uldivmod.o)
                0x000000001ffe0810                __aeabi_uldivmod
 .text          0x000000001ffe0840      0x2c4 /opt/gcc-arm-none-eabi-9-2019-q4-major/bin/../lib/gcc/arm-none-eabi/9.2.1/thumb/v7e-m+fp/softfp/libgcc.a(_udivmoddi4.o)
                0x000000001ffe0840                __udivmoddi4
 .text          0x000000001ffe0b04        0x4 /opt/gcc-arm-none-eabi-9-2019-q4-major/bin/../lib/gcc/arm-none-eabi/9.2.1/thumb/v7e-m+fp/softfp/libgcc.a(_dvmd_tls.o)
                0x000000001ffe0b04                __aeabi_ldiv0
                0x000000001ffe0b04                __aeabi_idiv0
 *(.text*)
 .text.init_data_bss
                0x000000001ffe0b08       0x7c build_mx8qx_b0/devices/startup.o
                0x000000001ffe0b08                init_data_bss
 .text.SystemEventTrigger
                0x000000001ffe0b84       0x2c build_mx8qx_b0/devices/MX8QX/system_MX8QX.o
                0x000000001ffe0b84                SystemEventTrigger
 .text.SystemEnterCS
                0x000000001ffe0bb0       0x20 build_mx8qx_b0/devices/MX8QX/system_MX8QX.o
                0x000000001ffe0bb0                SystemEnterCS
 .text.SystemExitCS
                0x000000001ffe0bd0       0x1c build_mx8qx_b0/devices/MX8QX/system_MX8QX.o
                0x000000001ffe0bd0                SystemExitCS
 .text.SystemGetActiveException
                0x000000001ffe0bec       0x10 build_mx8qx_b0/devices/MX8QX/system_MX8QX.o
                0x000000001ffe0bec                SystemGetActiveException
 .text.CommonFault_Handler
                0x000000001ffe0bfc       0x38 build_mx8qx_b0/devices/MX8QX/system_MX8QX.o
                0x000000001ffe0bfc                CommonFault_Handler
 .text.HardFault_Handler
                0x000000001ffe0c34        0x4 build_mx8qx_b0/devices/MX8QX/system_MX8QX.o
                0x000000001ffe0c34                HardFault_Handler
 .text.UsageFault_Handler
                0x000000001ffe0c38        0xc build_mx8qx_b0/devices/MX8QX/system_MX8QX.o
                0x000000001ffe0c38                UsageFault_Handler
 .text.BusFault_Handler
                0x000000001ffe0c44        0x4 build_mx8qx_b0/devices/MX8QX/system_MX8QX.o
                0x000000001ffe0c44                BusFault_Handler
 .text.MemManage_Handler
                0x000000001ffe0c48        0x4 build_mx8qx_b0/devices/MX8QX/system_MX8QX.o
                0x000000001ffe0c48                MemManage_Handler
 .text.SystemInit
                0x000000001ffe0c4c       0x24 build_mx8qx_b0/devices/MX8QX/system_MX8QX.o
                0x000000001ffe0c4c                SystemInit
 .text.SystemPrepareLPM
                0x000000001ffe0c70       0xb4 build_mx8qx_b0/devices/MX8QX/system_MX8QX.o
                0x000000001ffe0c70                SystemPrepareLPM
 .text.SystemEnterLPM
                0x000000001ffe0d24      0x254 build_mx8qx_b0/devices/MX8QX/system_MX8QX.o
                0x000000001ffe0d24                SystemEnterLPM
 .text.SystemExit
                0x000000001ffe0f78       0x1c build_mx8qx_b0/devices/MX8QX/system_MX8QX.o
                0x000000001ffe0f78                SystemExit
 .text.SystemDebugHalt
                0x000000001ffe0f94       0x2c build_mx8qx_b0/devices/MX8QX/system_MX8QX.o
                0x000000001ffe0f94                SystemDebugHalt
 .text.SystemDebugResume
                0x000000001ffe0fc0       0x1c build_mx8qx_b0/devices/MX8QX/system_MX8QX.o
                0x000000001ffe0fc0                SystemDebugResume
 .text.SystemTimeDelay
                0x000000001ffe0fdc       0x18 build_mx8qx_b0/devices/MX8QX/system_MX8QX.o
                0x000000001ffe0fdc                SystemTimeDelay
 .text.SystemInitPostCRT
                0x000000001ffe0ff4      0x3c8 build_mx8qx_b0/devices/MX8QX/system_MX8QX.o
                0x000000001ffe0ff4                SystemInitPostCRT
 .text.ss_csreq_handler_debug
                0x000000001ffe13bc        0x2 build_mx8qx_b0/devices/MX8QX/handlers_MX8QX.o
 *fill*         0x000000001ffe13be        0x2 
 .text.sc_handlers_init
                0x000000001ffe13c0      0x118 build_mx8qx_b0/devices/MX8QX/handlers_MX8QX.o
                0x000000001ffe13c0                sc_handlers_init
 .text.DefaultISR
                0x000000001ffe14d8       0x20 build_mx8qx_b0/devices/MX8QX/handlers_MX8QX.o
                0x000000001ffe14d8                DefaultISR
 .text.NMI_IRQHandler
                0x000000001ffe14f8       0xf4 build_mx8qx_b0/devices/MX8QX/handlers_MX8QX.o
                0x000000001ffe14f8                NMI_IRQHandler
 .text.MCM_IRQHandler
                0x000000001ffe15ec       0x14 build_mx8qx_b0/devices/MX8QX/handlers_MX8QX.o
                0x000000001ffe15ec                MCM_IRQHandler
 .text.DebugWake_IRQHandler
                0x000000001ffe1600       0x58 build_mx8qx_b0/devices/MX8QX/handlers_MX8QX.o
                0x000000001ffe1600                DebugWake_IRQHandler
 .text.SWI_IRQHandler
                0x000000001ffe1658       0x28 build_mx8qx_b0/devices/MX8QX/handlers_MX8QX.o
                0x000000001ffe1658                SWI_IRQHandler
 .text.LPIT_SCU_IRQHandler
                0x000000001ffe1680       0x4c build_mx8qx_b0/devices/MX8QX/handlers_MX8QX.o
                0x000000001ffe1680                LPIT_SCU_IRQHandler
 .text.DSC_SCU_IRQHandler
                0x000000001ffe16cc       0x14 build_mx8qx_b0/devices/MX8QX/handlers_MX8QX.o
                0x000000001ffe16cc                DSC_SCU_IRQHandler
 .text.DSC_LSIO_IRQHandler
                0x000000001ffe16e0       0x14 build_mx8qx_b0/devices/MX8QX/handlers_MX8QX.o
                0x000000001ffe16e0                DSC_LSIO_IRQHandler
 .text.DSC_CM4_0_IRQHandler
                0x000000001ffe16f4       0x14 build_mx8qx_b0/devices/MX8QX/handlers_MX8QX.o
                0x000000001ffe16f4                DSC_CM4_0_IRQHandler
 .text.DSC_CA35_IRQHandler
                0x000000001ffe1708       0x14 build_mx8qx_b0/devices/MX8QX/handlers_MX8QX.o
                0x000000001ffe1708                DSC_CA35_IRQHandler
 .text.DSC_DRC_0_IRQHandler
                0x000000001ffe171c       0x14 build_mx8qx_b0/devices/MX8QX/handlers_MX8QX.o
                0x000000001ffe171c                DSC_DRC_0_IRQHandler
 .text.DSC_GPU_0_IRQHandler
                0x000000001ffe1730       0x14 build_mx8qx_b0/devices/MX8QX/handlers_MX8QX.o
                0x000000001ffe1730                DSC_GPU_0_IRQHandler
 .text.DSC_VPU_IRQHandler
                0x000000001ffe1744       0x14 build_mx8qx_b0/devices/MX8QX/handlers_MX8QX.o
                0x000000001ffe1744                DSC_VPU_IRQHandler
 .text.DSC_ADMA_IRQHandler
                0x000000001ffe1758       0x14 build_mx8qx_b0/devices/MX8QX/handlers_MX8QX.o
                0x000000001ffe1758                DSC_ADMA_IRQHandler
 .text.IOMUX_CommonHandler
                0x000000001ffe176c       0x6e build_mx8qx_b0/devices/MX8QX/handlers_MX8QX.o
                0x000000001ffe176c                IOMUX_CommonHandler
 .text.IOMUX0_IRQHandler
                0x000000001ffe17da        0xa build_mx8qx_b0/devices/MX8QX/handlers_MX8QX.o
                0x000000001ffe17da                IOMUX0_IRQHandler
 .text.IOMUX1_IRQHandler
                0x000000001ffe17e4        0xa build_mx8qx_b0/devices/MX8QX/handlers_MX8QX.o
                0x000000001ffe17e4                IOMUX1_IRQHandler
 .text.IOMUX2_IRQHandler
                0x000000001ffe17ee        0xa build_mx8qx_b0/devices/MX8QX/handlers_MX8QX.o
                0x000000001ffe17ee                IOMUX2_IRQHandler
 .text.IOMUX3_IRQHandler
                0x000000001ffe17f8        0xa build_mx8qx_b0/devices/MX8QX/handlers_MX8QX.o
                0x000000001ffe17f8                IOMUX3_IRQHandler
 .text.IOMUX4_IRQHandler
                0x000000001ffe1802        0xa build_mx8qx_b0/devices/MX8QX/handlers_MX8QX.o
                0x000000001ffe1802                IOMUX4_IRQHandler
 .text.IOMUX5_IRQHandler
                0x000000001ffe180c        0xa build_mx8qx_b0/devices/MX8QX/handlers_MX8QX.o
                0x000000001ffe180c                IOMUX5_IRQHandler
 .text.IOMUX6_IRQHandler
                0x000000001ffe1816        0xa build_mx8qx_b0/devices/MX8QX/handlers_MX8QX.o
                0x000000001ffe1816                IOMUX6_IRQHandler
 .text.IOMUX7_IRQHandler
                0x000000001ffe1820        0xa build_mx8qx_b0/devices/MX8QX/handlers_MX8QX.o
                0x000000001ffe1820                IOMUX7_IRQHandler
 .text.IOMUX8_IRQHandler
                0x000000001ffe182a        0xa build_mx8qx_b0/devices/MX8QX/handlers_MX8QX.o
                0x000000001ffe182a                IOMUX8_IRQHandler
 .text.IOMUX9_IRQHandler
                0x000000001ffe1834        0xa build_mx8qx_b0/devices/MX8QX/handlers_MX8QX.o
                0x000000001ffe1834                IOMUX9_IRQHandler
 .text.IOMUX10_IRQHandler
                0x000000001ffe183e        0xa build_mx8qx_b0/devices/MX8QX/handlers_MX8QX.o
                0x000000001ffe183e                IOMUX10_IRQHandler
 .text.IOMUX11_IRQHandler
                0x000000001ffe1848        0xa build_mx8qx_b0/devices/MX8QX/handlers_MX8QX.o
                0x000000001ffe1848                IOMUX11_IRQHandler
 .text.IOMUX12_IRQHandler
                0x000000001ffe1852        0xa build_mx8qx_b0/devices/MX8QX/handlers_MX8QX.o
                0x000000001ffe1852                IOMUX12_IRQHandler
 .text.power_up_cpus
                0x000000001ffe185c       0x54 build_mx8qx_b0/main/main.o
 .text.start_cpus
                0x000000001ffe18b0       0xcc build_mx8qx_b0/main/main.o
 .text.startup.main
                0x000000001ffe197c      0x3b4 build_mx8qx_b0/main/main.o
                0x000000001ffe197c                main
 .text.main_banners
                0x000000001ffe1d30       0x98 build_mx8qx_b0/main/main_common.o
                0x000000001ffe1d30                main_banners
 .text.main_drv_test
                0x000000001ffe1dc8       0x20 build_mx8qx_b0/main/main_common.o
                0x000000001ffe1dc8                main_drv_test
 .text.main_sc_test
                0x000000001ffe1de8       0x24 build_mx8qx_b0/main/main_common.o
                0x000000001ffe1de8                main_sc_test
 .text.main_config
                0x000000001ffe1e0c      0x278 build_mx8qx_b0/main/main_common.o
                0x000000001ffe1e0c                main_config
 .text.main_ddr
                0x000000001ffe2084       0x1e build_mx8qx_b0/main/main_common.o
                0x000000001ffe2084                main_ddr
 .text.main_dcd
                0x000000001ffe20a2       0x14 build_mx8qx_b0/main/main_common.o
                0x000000001ffe20a2                main_dcd
 .text.main_prep_cpu
                0x000000001ffe20b6       0x62 build_mx8qx_b0/main/main_common.o
                0x000000001ffe20b6                main_prep_cpu
 .text.main_dump
                0x000000001ffe2118        0x2 build_mx8qx_b0/main/main_common.o
                0x000000001ffe2118                main_dump
 *fill*         0x000000001ffe211a        0x2 
 .text.main_get_mem_ss
                0x000000001ffe211c       0x58 build_mx8qx_b0/main/main_common.o
                0x000000001ffe211c                main_get_mem_ss
 .text.main_init
                0x000000001ffe2174      0x37c build_mx8qx_b0/main/main_common.o
                0x000000001ffe2174                main_init
 .text.boot_init
                0x000000001ffe24f0       0x8c build_mx8qx_b0/main/boot.o
                0x000000001ffe24f0                boot_init
 .text.boot_get_data
                0x000000001ffe257c       0xc0 build_mx8qx_b0/main/boot.o
                0x000000001ffe257c                boot_get_data
 .text.boot_get_img_num
                0x000000001ffe263c        0xc build_mx8qx_b0/main/boot.o
                0x000000001ffe263c                boot_get_img_num
 .text.boot_get_img_start_addr
                0x000000001ffe2648       0x24 build_mx8qx_b0/main/boot.o
                0x000000001ffe2648                boot_get_img_start_addr
 .text.boot_get_img_n
                0x000000001ffe266c      0x1c8 build_mx8qx_b0/main/boot.o
                0x000000001ffe266c                boot_get_img_n
 .text.boot_get_img_1
                0x000000001ffe2834       0x14 build_mx8qx_b0/main/boot.o
                0x000000001ffe2834                boot_get_img_1
 .text.boot_get_bring_up
                0x000000001ffe2848       0x28 build_mx8qx_b0/main/boot.o
                0x000000001ffe2848                boot_get_bring_up
 .text.boot_get_boot_dev
                0x000000001ffe2870       0x20 build_mx8qx_b0/main/boot.o
                0x000000001ffe2870                boot_get_boot_dev
 .text.boot_get_dev
                0x000000001ffe2890       0xac build_mx8qx_b0/main/boot.o
                0x000000001ffe2890                boot_get_dev
 .text.boot_check_rom_data
                0x000000001ffe293c       0xf4 build_mx8qx_b0/main/boot.o
                0x000000001ffe293c                boot_check_rom_data
 .text.sc_rpc_dispatch
                0x000000001ffe2a30       0xdc build_mx8qx_b0/main/rpc.o
                0x000000001ffe2a30                sc_rpc_dispatch
 .text.sc_ipc_async_next
                0x000000001ffe2b0c       0x54 build_mx8qx_b0/main/ipc_srv.o
 .text.sc_ipc_pending
                0x000000001ffe2b60       0x18 build_mx8qx_b0/main/ipc_srv.o
                0x000000001ffe2b60                sc_ipc_pending
 .text.sc_ipc_read_async
                0x000000001ffe2b78       0x6c build_mx8qx_b0/main/ipc_srv.o
                0x000000001ffe2b78                sc_ipc_read_async
 .text.sc_ipc_write_async
                0x000000001ffe2be4       0x9c build_mx8qx_b0/main/ipc_srv.o
                0x000000001ffe2be4                sc_ipc_write_async
 .text.sc_ipc_handler
                0x000000001ffe2c80       0x6c build_mx8qx_b0/main/ipc_srv.o
                0x000000001ffe2c80                sc_ipc_handler
 .text.sc_ipc_reset
                0x000000001ffe2cec       0x32 build_mx8qx_b0/main/ipc_srv.o
                0x000000001ffe2cec                sc_ipc_reset
 .text._init    0x000000001ffe2d1e        0x2 build_mx8qx_b0/utilities/newlib_stubs.o
                0x000000001ffe2d1e                _init
 .text._fini    0x000000001ffe2d20        0x2 build_mx8qx_b0/utilities/newlib_stubs.o
                0x000000001ffe2d20                _fini
 *fill*         0x000000001ffe2d22        0x2 
 .text.term_emul_getc
                0x000000001ffe2d24       0x24 build_mx8qx_b0/utilities/newlib_stubs.o
                0x000000001ffe2d24                term_emul_getc
 .text.term_emul_putc
                0x000000001ffe2d48       0x20 build_mx8qx_b0/utilities/newlib_stubs.o
                0x000000001ffe2d48                term_emul_putc
 .text._read    0x000000001ffe2d68       0x7c build_mx8qx_b0/utilities/newlib_stubs.o
                0x000000001ffe2d68                _read
 .text._write   0x000000001ffe2de4       0x9c build_mx8qx_b0/utilities/newlib_stubs.o
                0x000000001ffe2de4                _write
 .text._exit    0x000000001ffe2e80       0x18 build_mx8qx_b0/utilities/newlib_stubs.o
                0x000000001ffe2e80                _exit
 .text._sbrk    0x000000001ffe2e98       0x48 build_mx8qx_b0/utilities/newlib_stubs.o
                0x000000001ffe2e98                _sbrk
 .text._close   0x000000001ffe2ee0        0x6 build_mx8qx_b0/utilities/newlib_stubs.o
                0x000000001ffe2ee0                _close
 .text._lseek   0x000000001ffe2ee6        0x4 build_mx8qx_b0/utilities/newlib_stubs.o
                0x000000001ffe2ee6                _lseek
 *fill*         0x000000001ffe2eea        0x2 
 .text._isatty  0x000000001ffe2eec       0x18 build_mx8qx_b0/utilities/newlib_stubs.o
                0x000000001ffe2eec                _isatty
 .text._fstat   0x000000001ffe2f04        0xa build_mx8qx_b0/utilities/newlib_stubs.o
                0x000000001ffe2f04                _fstat
 .text.soc_config_sc
                0x000000001ffe2f0e       0x78 build_mx8qx_b0/soc/MX8QX/soc.o
                0x000000001ffe2f0e                soc_config_sc
 .text.soc_config_seco
                0x000000001ffe2f86       0x8a build_mx8qx_b0/soc/MX8QX/soc.o
                0x000000001ffe2f86                soc_config_seco
 .text.soc_rsrc_avail
                0x000000001ffe3010       0x20 build_mx8qx_b0/soc/MX8QX/soc.o
                0x000000001ffe3010                soc_rsrc_avail
 .text.soc_setup_msi_slave_ring
                0x000000001ffe3030       0x3c build_mx8qx_b0/soc/MX8QX/soc.o
                0x000000001ffe3030                soc_setup_msi_slave_ring
 .text.soc_get_max_freq
                0x000000001ffe306c       0x20 build_mx8qx_b0/soc/MX8QX/soc.o
                0x000000001ffe306c                soc_get_max_freq
 .text.soc_gpu_freq_hw_limited
                0x000000001ffe308c       0x1c build_mx8qx_b0/soc/MX8QX/soc.o
                0x000000001ffe308c                soc_gpu_freq_hw_limited
 .text.soc_enet_get_freq_limit
                0x000000001ffe30a8       0x24 build_mx8qx_b0/soc/MX8QX/soc.o
                0x000000001ffe30a8                soc_enet_get_freq_limit
 .text.soc_get_clock_div
                0x000000001ffe30cc       0x18 build_mx8qx_b0/soc/MX8QX/soc.o
                0x000000001ffe30cc                soc_get_clock_div
 .text.soc_dsc_powerdown_anamix
                0x000000001ffe30e4      0x134 build_mx8qx_b0/soc/MX8QX/soc.o
                0x000000001ffe30e4                soc_dsc_powerdown_anamix
 .text.soc_dsc_powerdown_phymix
                0x000000001ffe3218       0xa8 build_mx8qx_b0/soc/MX8QX/soc.o
                0x000000001ffe3218                soc_dsc_powerdown_phymix
 .text.soc_dsc_powerup_anamix
                0x000000001ffe32c0      0x1cc build_mx8qx_b0/soc/MX8QX/soc.o
                0x000000001ffe32c0                soc_dsc_powerup_anamix
 .text.soc_dsc_powerup_phymix
                0x000000001ffe348c       0xc4 build_mx8qx_b0/soc/MX8QX/soc.o
                0x000000001ffe348c                soc_dsc_powerup_phymix
 .text.soc_setup_anamix.part.3
                0x000000001ffe3550       0x48 build_mx8qx_b0/soc/MX8QX/soc.o
 .text.soc_setup_anamix
                0x000000001ffe3598       0x4c build_mx8qx_b0/soc/MX8QX/soc.o
                0x000000001ffe3598                soc_setup_anamix
 .text.soc_init
                0x000000001ffe35e4      0x688 build_mx8qx_b0/soc/MX8QX/soc.o
                0x000000001ffe35e4                soc_init
 .text.soc_setup_hsio_repeater
                0x000000001ffe3c6c       0x38 build_mx8qx_b0/soc/MX8QX/soc.o
                0x000000001ffe3c6c                soc_setup_hsio_repeater
 .text.soc_get_temp_trim
                0x000000001ffe3ca4       0x34 build_mx8qx_b0/soc/MX8QX/soc.o
                0x000000001ffe3ca4                soc_get_temp_trim
 .text.soc_mem_type
                0x000000001ffe3cd8        0x4 build_mx8qx_b0/soc/MX8QX/soc.o
                0x000000001ffe3cd8                soc_mem_type
 .text.soc_mem_pwr_plane
                0x000000001ffe3cdc       0x7a build_mx8qx_b0/soc/MX8QX/soc.o
                0x000000001ffe3cdc                soc_mem_pwr_plane
 .text.soc_pd_switchable
                0x000000001ffe3d56       0x22 build_mx8qx_b0/soc/MX8QX/soc.o
                0x000000001ffe3d56                soc_pd_switchable
 .text.soc_pd_retention
                0x000000001ffe3d78       0x28 build_mx8qx_b0/soc/MX8QX/soc.o
                0x000000001ffe3d78                soc_pd_retention
 .text.soc_dsc_clock_info
                0x000000001ffe3da0        0xc build_mx8qx_b0/soc/MX8QX/soc.o
                0x000000001ffe3da0                soc_dsc_clock_info
 .text.soc_slice_is_dsc
                0x000000001ffe3dac       0x10 build_mx8qx_b0/soc/MX8QX/soc.o
                0x000000001ffe3dac                soc_slice_is_dsc
 .text.soc_db_stc_config
                0x000000001ffe3dbc      0x1cc build_mx8qx_b0/soc/MX8QX/soc.o
                0x000000001ffe3dbc                soc_db_stc_config
 .text.soc_trans_bandgap
                0x000000001ffe3f88       0x44 build_mx8qx_b0/soc/MX8QX/soc.o
                0x000000001ffe3f88                soc_trans_bandgap
 .text.soc_get_dc_avpll_info
                0x000000001ffe3fcc       0x2e build_mx8qx_b0/soc/MX8QX/soc.o
                0x000000001ffe3fcc                soc_get_dc_avpll_info
 *fill*         0x000000001ffe3ffa        0x2 
 .text.soc_get_freq
                0x000000001ffe3ffc       0x68 build_mx8qx_b0/soc/MX8QX/soc.o
                0x000000001ffe3ffc                soc_get_freq
 .text.soc_set_freq_voltage
                0x000000001ffe4064       0x6c build_mx8qx_b0/soc/MX8QX/soc.o
                0x000000001ffe4064                soc_set_freq_voltage
 .text.soc_trans_pd
                0x000000001ffe40d0       0x38 build_mx8qx_b0/soc/MX8QX/soc.o
                0x000000001ffe40d0                soc_trans_pd
 .text.soc_ss_has_fbb
                0x000000001ffe4108        0x4 build_mx8qx_b0/soc/MX8QX/soc.o
                0x000000001ffe4108                soc_ss_has_fbb
 .text.soc_set_fbb
                0x000000001ffe410c        0x2 build_mx8qx_b0/soc/MX8QX/soc.o
                0x000000001ffe410c                soc_set_fbb
 .text.soc_is_audio_pll
                0x000000001ffe410e       0x14 build_mx8qx_b0/soc/MX8QX/soc.o
                0x000000001ffe410e                soc_is_audio_pll
 *fill*         0x000000001ffe4122        0x2 
 .text.soc_perform_dco_trim
                0x000000001ffe4124       0x50 build_mx8qx_b0/soc/MX8QX/soc.o
                0x000000001ffe4124                soc_perform_dco_trim
 .text.soc_self_refresh_power_down_clk_disable_entry
                0x000000001ffe4174       0xe4 build_mx8qx_b0/soc/MX8QX/soc.o
                0x000000001ffe4174                soc_self_refresh_power_down_clk_disable_entry
 .text.soc_refresh_power_down_clk_disable_exit
                0x000000001ffe4258       0xb4 build_mx8qx_b0/soc/MX8QX/soc.o
                0x000000001ffe4258                soc_refresh_power_down_clk_disable_exit
 .text.soc_drc_lpcg_setup
                0x000000001ffe430c       0x20 build_mx8qx_b0/soc/MX8QX/soc.o
                0x000000001ffe430c                soc_drc_lpcg_setup
 .text.soc_init_ddr
                0x000000001ffe432c       0x60 build_mx8qx_b0/soc/MX8QX/soc.o
                0x000000001ffe432c                soc_init_ddr
 .text.soc_get_temp_ofs
                0x000000001ffe438c       0x2c build_mx8qx_b0/soc/MX8QX/soc.o
                0x000000001ffe438c                soc_get_temp_ofs
 .text.soc_dpll_dco_pc
                0x000000001ffe43b8       0x5c build_mx8qx_b0/soc/MX8QX/soc.o
                0x000000001ffe43b8                soc_dpll_dco_pc
 .text.soc_get_sys_if_power_mode
                0x000000001ffe4414       0x54 build_mx8qx_b0/soc/common/soc_common.o
 .text.soc_get_hmp_sys_if_hpm_req
                0x000000001ffe4468       0x4c build_mx8qx_b0/soc/common/soc_common.o
 .text.soc_can_hmp_enter_lpm
                0x000000001ffe44b4       0x44 build_mx8qx_b0/soc/common/soc_common.o
 .text.soc_set_sys_if_rsrc_power_mode
                0x000000001ffe44f8       0x54 build_mx8qx_b0/soc/common/soc_common.o
 .text.soc_trans_m4_sleep_mode
                0x000000001ffe454c       0x8c build_mx8qx_b0/soc/common/soc_common.o
 .text.soc_set_cpu_resume
                0x000000001ffe45d8       0x34 build_mx8qx_b0/soc/common/soc_common.o
                0x000000001ffe45d8                soc_set_cpu_resume
 .text.soc_set_m4_resume
                0x000000001ffe460c       0x18 build_mx8qx_b0/soc/common/soc_common.o
                0x000000001ffe460c                soc_set_m4_resume
 .text.soc_set_cluster_power_mode
                0x000000001ffe4624       0x10 build_mx8qx_b0/soc/common/soc_common.o
                0x000000001ffe4624                soc_set_cluster_power_mode
 .text.soc_set_cpu_power_mode
                0x000000001ffe4634       0x20 build_mx8qx_b0/soc/common/soc_common.o
                0x000000001ffe4634                soc_set_cpu_power_mode
 .text.soc_set_m4_sleep_mode
                0x000000001ffe4654       0x18 build_mx8qx_b0/soc/common/soc_common.o
                0x000000001ffe4654                soc_set_m4_sleep_mode
 .text.soc_get_m4_sleep_mode_active
                0x000000001ffe466c       0x10 build_mx8qx_b0/soc/common/soc_common.o
                0x000000001ffe466c                soc_get_m4_sleep_mode_active
 .text.soc_wake_lsio_mu
                0x000000001ffe467c       0x2c build_mx8qx_b0/soc/common/soc_common.o
                0x000000001ffe467c                soc_wake_lsio_mu
 .text.soc_wake_m4_mu
                0x000000001ffe46a8       0x1c build_mx8qx_b0/soc/common/soc_common.o
                0x000000001ffe46a8                soc_wake_m4_mu
 .text.soc_wake_sys_if_interconnect
                0x000000001ffe46c4       0x30 build_mx8qx_b0/soc/common/soc_common.o
                0x000000001ffe46c4                soc_wake_sys_if_interconnect
 .text.soc_set_sys_if_power_mode
                0x000000001ffe46f4       0xc0 build_mx8qx_b0/soc/common/soc_common.o
 .text.soc_trans_sys_if_hpm
                0x000000001ffe47b4       0x54 build_mx8qx_b0/soc/common/soc_common.o
                0x000000001ffe47b4                soc_trans_sys_if_hpm
 .text.soc_trans_sys_if_lpm
                0x000000001ffe4808       0x50 build_mx8qx_b0/soc/common/soc_common.o
                0x000000001ffe4808                soc_trans_sys_if_lpm
 .text.soc_trans_m4_power_mode
                0x000000001ffe4858       0x64 build_mx8qx_b0/soc/common/soc_common.o
                0x000000001ffe4858                soc_trans_m4_power_mode
 .text.soc_wake_m4
                0x000000001ffe48bc       0x30 build_mx8qx_b0/soc/common/soc_common.o
                0x000000001ffe48bc                soc_wake_m4
 .text.soc_sync_sys_if_pm
                0x000000001ffe48ec       0x4c build_mx8qx_b0/soc/common/soc_common.o
                0x000000001ffe48ec                soc_sync_sys_if_pm
 .text.soc_set_cpu_rst_mode
                0x000000001ffe4938       0x48 build_mx8qx_b0/soc/common/soc_common.o
                0x000000001ffe4938                soc_set_cpu_rst_mode
 .text.soc_set_m4_rst_mode
                0x000000001ffe4980       0x30 build_mx8qx_b0/soc/common/soc_common.o
                0x000000001ffe4980                soc_set_m4_rst_mode
 .text.soc_req_sys_if_power_mode
                0x000000001ffe49b0       0x4c build_mx8qx_b0/soc/common/soc_common.o
                0x000000001ffe49b0                soc_req_sys_if_power_mode
 .text.soc_trans_cpu_power_mode
                0x000000001ffe49fc      0x1c8 build_mx8qx_b0/soc/common/soc_common.o
                0x000000001ffe49fc                soc_trans_cpu_power_mode
 .text.soc_wake_cpu
                0x000000001ffe4bc4       0x54 build_mx8qx_b0/soc/common/soc_common.o
                0x000000001ffe4bc4                soc_wake_cpu
 .text.soc_prewake_cpu
                0x000000001ffe4c18       0x60 build_mx8qx_b0/soc/common/soc_common.o
                0x000000001ffe4c18                soc_prewake_cpu
 .text.soc_get_hmp_sys_power_mode
                0x000000001ffe4c78       0x34 build_mx8qx_b0/soc/common/soc_common.o
                0x000000001ffe4c78                soc_get_hmp_sys_power_mode
 .text.soc_set_reset_info
                0x000000001ffe4cac        0xe build_mx8qx_b0/soc/common/soc_common.o
                0x000000001ffe4cac                soc_set_reset_info
 *fill*         0x000000001ffe4cba        0x2 
 .text.soc_reset_reason
                0x000000001ffe4cbc       0x60 build_mx8qx_b0/soc/common/soc_common.o
                0x000000001ffe4cbc                soc_reset_reason
 .text.soc_reset_part
                0x000000001ffe4d1c        0xc build_mx8qx_b0/soc/common/soc_common.o
                0x000000001ffe4d1c                soc_reset_part
 .text.soc_temp_sensor_tick
                0x000000001ffe4d28       0x70 build_mx8qx_b0/soc/common/soc_common.o
                0x000000001ffe4d28                soc_temp_sensor_tick
 .text.soc_ddr_config_retention
                0x000000001ffe4d98        0xc build_mx8qx_b0/soc/common/soc_common.o
                0x000000001ffe4d98                soc_ddr_config_retention
 .text.soc_ddr_enter_retention
                0x000000001ffe4da4       0x64 build_mx8qx_b0/soc/common/soc_common.o
                0x000000001ffe4da4                soc_ddr_enter_retention
 .text.soc_ddr_exit_retention
                0x000000001ffe4e08       0x50 build_mx8qx_b0/soc/common/soc_common.o
                0x000000001ffe4e08                soc_ddr_exit_retention
 .text.soc_rompatch_checksum
                0x000000001ffe4e58       0x48 build_mx8qx_b0/soc/common/soc_common.o
                0x000000001ffe4e58                soc_rompatch_checksum
 .text.soc_dpll_populate_tbl
                0x000000001ffe4ea0      0x108 build_mx8qx_b0/soc/common/soc_common.o
                0x000000001ffe4ea0                soc_dpll_populate_tbl
 .text.soc_post_ss_reset
                0x000000001ffe4fa8       0x40 build_mx8qx_b0/soc/common/soc_common.o
                0x000000001ffe4fa8                soc_post_ss_reset
 .text.soc_gicr_quiesce
                0x000000001ffe4fe8       0x48 build_mx8qx_b0/soc/common/soc_common.o
                0x000000001ffe4fe8                soc_gicr_quiesce
 .text.soc_msi_ring_workaround
                0x000000001ffe5030      0x178 build_mx8qx_b0/soc/common/soc_common.o
                0x000000001ffe5030                soc_msi_ring_workaround
 .text.ANA_Temp2Val
                0x000000001ffe51a8       0x50 build_mx8qx_b0/drivers/analog/fsl_analog.o
                0x000000001ffe51a8                ANA_Temp2Val
 .text.ANA_Val2Temp
                0x000000001ffe51f8       0x3a build_mx8qx_b0/drivers/analog/fsl_analog.o
                0x000000001ffe51f8                ANA_Val2Temp
 *fill*         0x000000001ffe5232        0x2 
 .text.ANA_XtalOsc24Init
                0x000000001ffe5234        0xc build_mx8qx_b0/drivers/analog/fsl_analog.o
                0x000000001ffe5234                ANA_XtalOsc24Init
 .text.ANA_DiffClkRootInit
                0x000000001ffe5240        0xc build_mx8qx_b0/drivers/analog/fsl_analog.o
                0x000000001ffe5240                ANA_DiffClkRootInit
 .text.ANA_DiffClkRptrInit
                0x000000001ffe524c       0x10 build_mx8qx_b0/drivers/analog/fsl_analog.o
                0x000000001ffe524c                ANA_DiffClkRptrInit
 .text.ANA_DiffClkTermInit
                0x000000001ffe525c       0x10 build_mx8qx_b0/drivers/analog/fsl_analog.o
                0x000000001ffe525c                ANA_DiffClkTermInit
 .text.ANA_XtalOsc24Setup
                0x000000001ffe526c       0x78 build_mx8qx_b0/drivers/analog/fsl_analog.o
                0x000000001ffe526c                ANA_XtalOsc24Setup
 .text.ANA_DiffClkRootSetup
                0x000000001ffe52e4       0x9c build_mx8qx_b0/drivers/analog/fsl_analog.o
                0x000000001ffe52e4                ANA_DiffClkRootSetup
 .text.ANA_DiffClkRptrSetup
                0x000000001ffe5380       0x7c build_mx8qx_b0/drivers/analog/fsl_analog.o
                0x000000001ffe5380                ANA_DiffClkRptrSetup
 .text.ANA_DiffClkTermSetup
                0x000000001ffe53fc       0x54 build_mx8qx_b0/drivers/analog/fsl_analog.o
                0x000000001ffe53fc                ANA_DiffClkTermSetup
 .text.RefgenSetup
                0x000000001ffe5450       0x3c build_mx8qx_b0/drivers/analog/fsl_analog_refgen.o
                0x000000001ffe5450                RefgenSetup
 .text.RefgenEnabled
                0x000000001ffe548c       0x1a build_mx8qx_b0/drivers/analog/fsl_analog_refgen.o
                0x000000001ffe548c                RefgenEnabled
 .text.RefgenTrimmed
                0x000000001ffe54a6       0x1e build_mx8qx_b0/drivers/analog/fsl_analog_refgen.o
                0x000000001ffe54a6                RefgenTrimmed
 .text.RefgenSetEn
                0x000000001ffe54c4       0x10 build_mx8qx_b0/drivers/analog/fsl_analog_refgen.o
                0x000000001ffe54c4                RefgenSetEn
 .text.BandgapSetEn
                0x000000001ffe54d4       0x42 build_mx8qx_b0/drivers/analog/fsl_analog_refgen.o
                0x000000001ffe54d4                BandgapSetEn
 .text.BandgapSetTrim
                0x000000001ffe5516       0x3a build_mx8qx_b0/drivers/analog/fsl_analog_refgen.o
                0x000000001ffe5516                BandgapSetTrim
 .text.BandgapSelfBiasOff
                0x000000001ffe5550        0x8 build_mx8qx_b0/drivers/analog/fsl_analog_refgen.o
                0x000000001ffe5550                BandgapSelfBiasOff
 .text.PhyLdoEnabled
                0x000000001ffe5558       0x1a build_mx8qx_b0/drivers/analog/fsl_analog_refgen.o
                0x000000001ffe5558                PhyLdoEnabled
 .text.PhyLdoSetEn
                0x000000001ffe5572       0x4a build_mx8qx_b0/drivers/analog/fsl_analog_refgen.o
                0x000000001ffe5572                PhyLdoSetEn
 .text.HPPllRegEnabled
                0x000000001ffe55bc       0x1a build_mx8qx_b0/drivers/analog/fsl_analog_pll.o
                0x000000001ffe55bc                HPPllRegEnabled
 .text.HPPllRegSetEn
                0x000000001ffe55d6       0x54 build_mx8qx_b0/drivers/analog/fsl_analog_pll.o
                0x000000001ffe55d6                HPPllRegSetEn
 .text.AVPllRegEnabled
                0x000000001ffe562a       0x1a build_mx8qx_b0/drivers/analog/fsl_analog_pll.o
                0x000000001ffe562a                AVPllRegEnabled
 .text.AVPllRegSetEn
                0x000000001ffe5644       0x54 build_mx8qx_b0/drivers/analog/fsl_analog_pll.o
                0x000000001ffe5644                AVPllRegSetEn
 .text.CSR_SetCSR
                0x000000001ffe5698       0x1e build_mx8qx_b0/drivers/csr/fsl_csr.o
                0x000000001ffe5698                CSR_SetCSR
 .text.CSR_SetCSR2
                0x000000001ffe56b6       0x1e build_mx8qx_b0/drivers/csr/fsl_csr.o
                0x000000001ffe56b6                CSR_SetCSR2
 .text.CSR_SetCSR3
                0x000000001ffe56d4       0x1e build_mx8qx_b0/drivers/csr/fsl_csr.o
                0x000000001ffe56d4                CSR_SetCSR3
 .text.CSR_GetCSR
                0x000000001ffe56f2       0x10 build_mx8qx_b0/drivers/csr/fsl_csr.o
                0x000000001ffe56f2                CSR_GetCSR
 .text.CSR_GetCSR2
                0x000000001ffe5702       0x10 build_mx8qx_b0/drivers/csr/fsl_csr.o
                0x000000001ffe5702                CSR_GetCSR2
 .text.CSR_GetCSR3
                0x000000001ffe5712       0x10 build_mx8qx_b0/drivers/csr/fsl_csr.o
                0x000000001ffe5712                CSR_GetCSR3
 *fill*         0x000000001ffe5722        0x2 
 .text.start_functional_clk
                0x000000001ffe5724       0x68 build_mx8qx_b0/drivers/dsc/fsl_dsc.o
 .text.DSC_Init
                0x000000001ffe578c        0x2 build_mx8qx_b0/drivers/dsc/fsl_dsc.o
                0x000000001ffe578c                DSC_Init
 .text.DSC_PllEnable
                0x000000001ffe578e        0x4 build_mx8qx_b0/drivers/dsc/fsl_dsc.o
                0x000000001ffe578e                DSC_PllEnable
 .text.DSC_PllDisable
                0x000000001ffe5792        0x4 build_mx8qx_b0/drivers/dsc/fsl_dsc.o
                0x000000001ffe5792                DSC_PllDisable
 .text.DSC_PllSetRate
                0x000000001ffe5796       0x14 build_mx8qx_b0/drivers/dsc/fsl_dsc.o
                0x000000001ffe5796                DSC_PllSetRate
 .text.DSC_PllGetRate
                0x000000001ffe57aa        0x4 build_mx8qx_b0/drivers/dsc/fsl_dsc.o
                0x000000001ffe57aa                DSC_PllGetRate
 .text.DSC_ClkGetRateDiv
                0x000000001ffe57ae       0x6e build_mx8qx_b0/drivers/dsc/fsl_dsc.o
                0x000000001ffe57ae                DSC_ClkGetRateDiv
 .text.DSC_ClkSetRate
                0x000000001ffe581c       0xe4 build_mx8qx_b0/drivers/dsc/fsl_dsc.o
                0x000000001ffe581c                DSC_ClkSetRate
 .text.DSC_MSliceGetDiv
                0x000000001ffe5900       0x2c build_mx8qx_b0/drivers/dsc/fsl_dsc.o
                0x000000001ffe5900                DSC_MSliceGetDiv
 .text.DSC_MSliceSetDiv
                0x000000001ffe592c       0x3e build_mx8qx_b0/drivers/dsc/fsl_dsc.o
                0x000000001ffe592c                DSC_MSliceSetDiv
 .text.DSC_ClkGetParent
                0x000000001ffe596a       0x3c build_mx8qx_b0/drivers/dsc/fsl_dsc.o
                0x000000001ffe596a                DSC_ClkGetParent
 .text.DSC_ClkSetParent
                0x000000001ffe59a6       0x4a build_mx8qx_b0/drivers/dsc/fsl_dsc.o
                0x000000001ffe59a6                DSC_ClkSetParent
 .text.DSC_SliceReset
                0x000000001ffe59f0       0xa2 build_mx8qx_b0/drivers/dsc/fsl_dsc.o
                0x000000001ffe59f0                DSC_SliceReset
 *fill*         0x000000001ffe5a92        0x2 
 .text.DSC_Reset
                0x000000001ffe5a94       0xfc build_mx8qx_b0/drivers/dsc/fsl_dsc.o
                0x000000001ffe5a94                DSC_Reset
 .text.DSC_PdEnabled
                0x000000001ffe5b90       0x28 build_mx8qx_b0/drivers/dsc/fsl_dsc.o
                0x000000001ffe5b90                DSC_PdEnabled
 .text.DSC_PdEnable
                0x000000001ffe5bb8      0x108 build_mx8qx_b0/drivers/dsc/fsl_dsc.o
                0x000000001ffe5bb8                DSC_PdEnable
 .text.DSC_PdDisable
                0x000000001ffe5cc0      0x100 build_mx8qx_b0/drivers/dsc/fsl_dsc.o
                0x000000001ffe5cc0                DSC_PdDisable
 .text.DSC_IsolationDisable
                0x000000001ffe5dc0       0x38 build_mx8qx_b0/drivers/dsc/fsl_dsc.o
                0x000000001ffe5dc0                DSC_IsolationDisable
 .text.DSC_SetReset
                0x000000001ffe5df8       0x10 build_mx8qx_b0/drivers/dsc/fsl_dsc.o
                0x000000001ffe5df8                DSC_SetReset
 .text.DSC_GetReset
                0x000000001ffe5e08        0xa build_mx8qx_b0/drivers/dsc/fsl_dsc.o
                0x000000001ffe5e08                DSC_GetReset
 .text.DSC_SetGPRControl
                0x000000001ffe5e12       0x1c build_mx8qx_b0/drivers/dsc/fsl_dsc.o
                0x000000001ffe5e12                DSC_SetGPRControl
 .text.DSC_SetClockMode
                0x000000001ffe5e2e       0xa2 build_mx8qx_b0/drivers/dsc/fsl_dsc.o
                0x000000001ffe5e2e                DSC_SetClockMode
 .text.DSC_GetGPRControl
                0x000000001ffe5ed0        0xe build_mx8qx_b0/drivers/dsc/fsl_dsc.o
                0x000000001ffe5ed0                DSC_GetGPRControl
 .text.DSC_GetGPRStatus
                0x000000001ffe5ede        0xe build_mx8qx_b0/drivers/dsc/fsl_dsc.o
                0x000000001ffe5ede                DSC_GetGPRStatus
 .text.DSC_WaitGPRStatus
                0x000000001ffe5eec       0x16 build_mx8qx_b0/drivers/dsc/fsl_dsc.o
                0x000000001ffe5eec                DSC_WaitGPRStatus
 .text.DSC_EnableIrq
                0x000000001ffe5f02       0x28 build_mx8qx_b0/drivers/dsc/fsl_dsc.o
                0x000000001ffe5f02                DSC_EnableIrq
 .text.DSC_GetIrqPending
                0x000000001ffe5f2a       0x1c build_mx8qx_b0/drivers/dsc/fsl_dsc.o
                0x000000001ffe5f2a                DSC_GetIrqPending
 .text.DSC_GetIrqStatus
                0x000000001ffe5f46       0x1c build_mx8qx_b0/drivers/dsc/fsl_dsc.o
                0x000000001ffe5f46                DSC_GetIrqStatus
 .text.DSC_FuncClkToggle
                0x000000001ffe5f62       0x42 build_mx8qx_b0/drivers/dsc/fsl_dsc.o
                0x000000001ffe5f62                DSC_FuncClkToggle
 .text.DSC_Dump
                0x000000001ffe5fa4        0x2 build_mx8qx_b0/drivers/dsc/fsl_dsc.o
                0x000000001ffe5fa4                DSC_Dump
 *fill*         0x000000001ffe5fa6        0x2 
 .text.calc_best_pll_rate
                0x000000001ffe5fa8      0x168 build_mx8qx_b0/drivers/dsc/fsl_dsc_ai.o
 .text.DSC_EnableAnamixAI
                0x000000001ffe6110       0x18 build_mx8qx_b0/drivers/dsc/fsl_dsc_ai.o
                0x000000001ffe6110                DSC_EnableAnamixAI
 .text.DSC_DisableAnamixAI
                0x000000001ffe6128       0x1c build_mx8qx_b0/drivers/dsc/fsl_dsc_ai.o
                0x000000001ffe6128                DSC_DisableAnamixAI
 .text.DSC_EnablePhymixAI
                0x000000001ffe6144       0x1a build_mx8qx_b0/drivers/dsc/fsl_dsc_ai.o
                0x000000001ffe6144                DSC_EnablePhymixAI
 .text.DSC_AIRegisterWrite
                0x000000001ffe615e       0x3c build_mx8qx_b0/drivers/dsc/fsl_dsc_ai.o
                0x000000001ffe615e                DSC_AIRegisterWrite
 .text.DSC_AIRegisterRead
                0x000000001ffe619a       0x52 build_mx8qx_b0/drivers/dsc/fsl_dsc_ai.o
                0x000000001ffe619a                DSC_AIRegisterRead
 .text.DSC_AIPllEnabled
                0x000000001ffe61ec       0x66 build_mx8qx_b0/drivers/dsc/fsl_dsc_ai.o
                0x000000001ffe61ec                DSC_AIPllEnabled
 *fill*         0x000000001ffe6252        0x2 
 .text.DSC_AIPllEnable
                0x000000001ffe6254      0x330 build_mx8qx_b0/drivers/dsc/fsl_dsc_ai.o
                0x000000001ffe6254                DSC_AIPllEnable
 .text.DSC_AIPllDisable
                0x000000001ffe6584       0xa2 build_mx8qx_b0/drivers/dsc/fsl_dsc_ai.o
                0x000000001ffe6584                DSC_AIPllDisable
 *fill*         0x000000001ffe6626        0x2 
 .text.DSC_AIPllSetRate
                0x000000001ffe6628      0x424 build_mx8qx_b0/drivers/dsc/fsl_dsc_ai.o
                0x000000001ffe6628                DSC_AIPllSetRate
 .text.DSC_AIPllGetRate
                0x000000001ffe6a4c      0x100 build_mx8qx_b0/drivers/dsc/fsl_dsc_ai.o
                0x000000001ffe6a4c                DSC_AIPllGetRate
 .text.DSC_CalcBestPllFreqParent
                0x000000001ffe6b4c       0x64 build_mx8qx_b0/drivers/dsc/fsl_dsc_ai.o
                0x000000001ffe6b4c                DSC_CalcBestPllFreqParent
 .text.DSC_AIPowerTemp
                0x000000001ffe6bb0       0xd4 build_mx8qx_b0/drivers/dsc/fsl_dsc_ai.o
                0x000000001ffe6bb0                DSC_AIPowerTemp
 .text.DSC_AITriggerTemp
                0x000000001ffe6c84       0x36 build_mx8qx_b0/drivers/dsc/fsl_dsc_ai.o
                0x000000001ffe6c84                DSC_AITriggerTemp
 .text.DSC_AISetTemp
                0x000000001ffe6cba      0x118 build_mx8qx_b0/drivers/dsc/fsl_dsc_ai.o
                0x000000001ffe6cba                DSC_AISetTemp
 .text.DSC_AIGetTemp
                0x000000001ffe6dd2       0x56 build_mx8qx_b0/drivers/dsc/fsl_dsc_ai.o
                0x000000001ffe6dd2                DSC_AIGetTemp
 .text.DSC_AIClearTemp
                0x000000001ffe6e28       0x94 build_mx8qx_b0/drivers/dsc/fsl_dsc_ai.o
                0x000000001ffe6e28                DSC_AIClearTemp
 .text.PAD_ExtractMux
                0x000000001ffe6ebc        0x6 build_mx8qx_b0/drivers/pad/fsl_pad.o
                0x000000001ffe6ebc                PAD_ExtractMux
 .text.PAD_Set  0x000000001ffe6ec2        0xc build_mx8qx_b0/drivers/pad/fsl_pad.o
                0x000000001ffe6ec2                PAD_Set
 .text.PAD_Get  0x000000001ffe6ece        0xe build_mx8qx_b0/drivers/pad/fsl_pad.o
                0x000000001ffe6ece                PAD_Get
 .text.PAD_SetMux
                0x000000001ffe6edc       0x26 build_mx8qx_b0/drivers/pad/fsl_pad.o
                0x000000001ffe6edc                PAD_SetMux
 .text.PAD_GetMux
                0x000000001ffe6f02       0x20 build_mx8qx_b0/drivers/pad/fsl_pad.o
                0x000000001ffe6f02                PAD_GetMux
 .text.PAD_SetGP
                0x000000001ffe6f22       0x14 build_mx8qx_b0/drivers/pad/fsl_pad.o
                0x000000001ffe6f22                PAD_SetGP
 .text.PAD_GetGP
                0x000000001ffe6f36       0x12 build_mx8qx_b0/drivers/pad/fsl_pad.o
                0x000000001ffe6f36                PAD_GetGP
 .text.PAD_SetGP28Fdsoi
                0x000000001ffe6f48       0x1e build_mx8qx_b0/drivers/pad/fsl_pad.o
                0x000000001ffe6f48                PAD_SetGP28Fdsoi
 .text.PAD_GetGP28Fdsoi
                0x000000001ffe6f66       0x1a build_mx8qx_b0/drivers/pad/fsl_pad.o
                0x000000001ffe6f66                PAD_GetGP28Fdsoi
 .text.PAD_SetGP28FdsoiHsic
                0x000000001ffe6f80       0x44 build_mx8qx_b0/drivers/pad/fsl_pad.o
                0x000000001ffe6f80                PAD_SetGP28FdsoiHsic
 .text.PAD_GetGP28FdsoiHsic
                0x000000001ffe6fc4       0x32 build_mx8qx_b0/drivers/pad/fsl_pad.o
                0x000000001ffe6fc4                PAD_GetGP28FdsoiHsic
 .text.PAD_SetGP28FdsoiComp
                0x000000001ffe6ff6       0x5e build_mx8qx_b0/drivers/pad/fsl_pad.o
                0x000000001ffe6ff6                PAD_SetGP28FdsoiComp
 .text.PAD_GetGP28FdsoiComp
                0x000000001ffe7054       0x4a build_mx8qx_b0/drivers/pad/fsl_pad.o
                0x000000001ffe7054                PAD_GetGP28FdsoiComp
 .text.PAD_SetWakeup
                0x000000001ffe709e       0x16 build_mx8qx_b0/drivers/pad/fsl_pad.o
                0x000000001ffe709e                PAD_SetWakeup
 .text.PAD_GetWakeup
                0x000000001ffe70b4       0x12 build_mx8qx_b0/drivers/pad/fsl_pad.o
                0x000000001ffe70b4                PAD_GetWakeup
 .text.PAD_SetAll
                0x000000001ffe70c6       0x40 build_mx8qx_b0/drivers/pad/fsl_pad.o
                0x000000001ffe70c6                PAD_SetAll
 .text.PAD_GetAll
                0x000000001ffe7106       0x30 build_mx8qx_b0/drivers/pad/fsl_pad.o
                0x000000001ffe7106                PAD_GetAll
 *fill*         0x000000001ffe7136        0x2 
 .text.seco_err_xlate
                0x000000001ffe7138       0xfc build_mx8qx_b0/drivers/seco/v2/fsl_seco.o
 .text.mu_rx    0x000000001ffe7234       0x60 build_mx8qx_b0/drivers/seco/v2/fsl_seco.o
 .text.seco_call
                0x000000001ffe7294      0x154 build_mx8qx_b0/drivers/seco/v2/fsl_seco.o
 .text.SECO_Get_Lifecycle
                0x000000001ffe73e8       0x10 build_mx8qx_b0/drivers/seco/v2/fsl_seco.o
                0x000000001ffe73e8                SECO_Get_Lifecycle
 .text.SECO_Power
                0x000000001ffe73f8       0x44 build_mx8qx_b0/drivers/seco/v2/fsl_seco.o
                0x000000001ffe73f8                SECO_Power
 .text.SECO_Image_Load
                0x000000001ffe743c        0xc build_mx8qx_b0/drivers/seco/v2/fsl_seco.o
                0x000000001ffe743c                SECO_Image_Load
 .text.SECO_Authenticate
                0x000000001ffe7448       0xa4 build_mx8qx_b0/drivers/seco/v2/fsl_seco.o
                0x000000001ffe7448                SECO_Authenticate
 .text.SECO_ClearCache
                0x000000001ffe74ec       0x24 build_mx8qx_b0/drivers/seco/v2/fsl_seco.o
                0x000000001ffe74ec                SECO_ClearCache
 .text.SECO_CAAM_Config
                0x000000001ffe7510      0x110 build_mx8qx_b0/drivers/seco/v2/fsl_seco.o
                0x000000001ffe7510                SECO_CAAM_Config
 .text.SECO_CAAM_PowerDown
                0x000000001ffe7620        0xc build_mx8qx_b0/drivers/seco/v2/fsl_seco.o
                0x000000001ffe7620                SECO_CAAM_PowerDown
 .text.SECO_EnterLPM
                0x000000001ffe762c       0x28 build_mx8qx_b0/drivers/seco/v2/fsl_seco.o
                0x000000001ffe762c                SECO_EnterLPM
 .text.SECO_ExitLPM
                0x000000001ffe7654       0x24 build_mx8qx_b0/drivers/seco/v2/fsl_seco.o
                0x000000001ffe7654                SECO_ExitLPM
 .text.SECO_WriteSNVS
                0x000000001ffe7678       0x2c build_mx8qx_b0/drivers/seco/v2/fsl_seco.o
                0x000000001ffe7678                SECO_WriteSNVS
 .text.SECO_ReadSNVS
                0x000000001ffe76a4       0x28 build_mx8qx_b0/drivers/seco/v2/fsl_seco.o
                0x000000001ffe76a4                SECO_ReadSNVS
 .text.SECO_WriteFuse
                0x000000001ffe76cc       0x28 build_mx8qx_b0/drivers/seco/v2/fsl_seco.o
                0x000000001ffe76cc                SECO_WriteFuse
 .text.SECO_SecureWriteFuse
                0x000000001ffe76f4       0x28 build_mx8qx_b0/drivers/seco/v2/fsl_seco.o
                0x000000001ffe76f4                SECO_SecureWriteFuse
 .text.SECO_ScuPatch
                0x000000001ffe771c       0x28 build_mx8qx_b0/drivers/seco/v2/fsl_seco.o
                0x000000001ffe771c                SECO_ScuPatch
 .text.SECO_EnableDebug
                0x000000001ffe7744       0x28 build_mx8qx_b0/drivers/seco/v2/fsl_seco.o
                0x000000001ffe7744                SECO_EnableDebug
 .text.SECO_ForwardLifecycle
                0x000000001ffe776c       0x28 build_mx8qx_b0/drivers/seco/v2/fsl_seco.o
                0x000000001ffe776c                SECO_ForwardLifecycle
 .text.SECO_ReturnLifecycle
                0x000000001ffe7794       0x28 build_mx8qx_b0/drivers/seco/v2/fsl_seco.o
                0x000000001ffe7794                SECO_ReturnLifecycle
 .text.SECO_KickWdog
                0x000000001ffe77bc       0x24 build_mx8qx_b0/drivers/seco/v2/fsl_seco.o
                0x000000001ffe77bc                SECO_KickWdog
 .text.SECO_Version
                0x000000001ffe77e0       0x64 build_mx8qx_b0/drivers/seco/v2/fsl_seco.o
                0x000000001ffe77e0                SECO_Version
 .text.SECO_AttachDebug
                0x000000001ffe7844       0x24 build_mx8qx_b0/drivers/seco/v2/fsl_seco.o
                0x000000001ffe7844                SECO_AttachDebug
 .text.SECO_ChipInfo
                0x000000001ffe7868       0x40 build_mx8qx_b0/drivers/seco/v2/fsl_seco.o
                0x000000001ffe7868                SECO_ChipInfo
 .text.SECO_GetEvent
                0x000000001ffe78a8       0x64 build_mx8qx_b0/drivers/seco/v2/fsl_seco.o
                0x000000001ffe78a8                SECO_GetEvent
 .text.SECO_StartRNG
                0x000000001ffe790c       0x30 build_mx8qx_b0/drivers/seco/v2/fsl_seco.o
                0x000000001ffe790c                SECO_StartRNG
 .text.SECO_Init
                0x000000001ffe793c       0xe8 build_mx8qx_b0/drivers/seco/v2/fsl_seco.o
                0x000000001ffe793c                SECO_Init
 .text.SECO_AttestMode
                0x000000001ffe7a24       0x28 build_mx8qx_b0/drivers/seco/v2/fsl_seco.o
                0x000000001ffe7a24                SECO_AttestMode
 .text.SECO_Attest
                0x000000001ffe7a4c       0x28 build_mx8qx_b0/drivers/seco/v2/fsl_seco.o
                0x000000001ffe7a4c                SECO_Attest
 .text.SECO_GetAttestPublicKey
                0x000000001ffe7a74       0x2c build_mx8qx_b0/drivers/seco/v2/fsl_seco.o
                0x000000001ffe7a74                SECO_GetAttestPublicKey
 .text.SECO_GetAttestSign
                0x000000001ffe7aa0       0x2c build_mx8qx_b0/drivers/seco/v2/fsl_seco.o
                0x000000001ffe7aa0                SECO_GetAttestSign
 .text.SECO_AttestVerify
                0x000000001ffe7acc       0x28 build_mx8qx_b0/drivers/seco/v2/fsl_seco.o
                0x000000001ffe7acc                SECO_AttestVerify
 .text.SECO_Commit
                0x000000001ffe7af4       0x30 build_mx8qx_b0/drivers/seco/v2/fsl_seco.o
                0x000000001ffe7af4                SECO_Commit
 .text.SECO_MU_Config
                0x000000001ffe7b24       0x9c build_mx8qx_b0/drivers/seco/v2/fsl_seco.o
                0x000000001ffe7b24                SECO_MU_Config
 .text.SECO_LoadKey
                0x000000001ffe7bc0       0x2c build_mx8qx_b0/drivers/seco/v2/fsl_seco.o
                0x000000001ffe7bc0                SECO_LoadKey
 .text.SECO_GenKeyBlob
                0x000000001ffe7bec       0x38 build_mx8qx_b0/drivers/seco/v2/fsl_seco.o
                0x000000001ffe7bec                SECO_GenKeyBlob
 .text.SECO_ManageSNVS
                0x000000001ffe7c24       0x7c build_mx8qx_b0/drivers/seco/v2/fsl_seco.o
                0x000000001ffe7c24                SECO_ManageSNVS
 .text.SECO_GetMPKey
                0x000000001ffe7ca0       0x2c build_mx8qx_b0/drivers/seco/v2/fsl_seco.o
                0x000000001ffe7ca0                SECO_GetMPKey
 .text.SECO_UpdateMPMR
                0x000000001ffe7ccc       0x30 build_mx8qx_b0/drivers/seco/v2/fsl_seco.o
                0x000000001ffe7ccc                SECO_UpdateMPMR
 .text.SECO_GetMPSign
                0x000000001ffe7cfc       0x3c build_mx8qx_b0/drivers/seco/v2/fsl_seco.o
                0x000000001ffe7cfc                SECO_GetMPSign
 .text.SYSCTR_Init
                0x000000001ffe7d38       0x1c build_mx8qx_b0/drivers/sysctr/fsl_sysctr.o
                0x000000001ffe7d38                SYSCTR_Init
 .text.SYSCTR_GetCounter64
                0x000000001ffe7d54       0x1c build_mx8qx_b0/drivers/sysctr/fsl_sysctr.o
                0x000000001ffe7d54                SYSCTR_GetCounter64
 .text.SYSCTR_GetCounter32
                0x000000001ffe7d70        0x8 build_mx8qx_b0/drivers/sysctr/fsl_sysctr.o
                0x000000001ffe7d70                SYSCTR_GetCounter32
 .text.SYSCTR_FreqMode
                0x000000001ffe7d78       0x30 build_mx8qx_b0/drivers/sysctr/fsl_sysctr.o
                0x000000001ffe7d78                SYSCTR_FreqMode
 .text.SYSCTR_FreqModeWaitAck
                0x000000001ffe7da8       0x16 build_mx8qx_b0/drivers/sysctr/fsl_sysctr.o
                0x000000001ffe7da8                SYSCTR_FreqModeWaitAck
 *fill*         0x000000001ffe7dbe        0x2 
 .text.SYSCTR_WakeEnable
                0x000000001ffe7dc0       0x2c build_mx8qx_b0/drivers/sysctr/fsl_sysctr.o
                0x000000001ffe7dc0                SYSCTR_WakeEnable
 .text.SYSCTR_Compare1Enable
                0x000000001ffe7dec       0x1c build_mx8qx_b0/drivers/sysctr/fsl_sysctr.o
                0x000000001ffe7dec                SYSCTR_Compare1Enable
 .text.SYSCTR_Compare1Disable
                0x000000001ffe7e08        0xc build_mx8qx_b0/drivers/sysctr/fsl_sysctr.o
                0x000000001ffe7e08                SYSCTR_Compare1Disable
 .text.SYSCTR_CMP0_IRQHandler
                0x000000001ffe7e14        0xc build_mx8qx_b0/drivers/sysctr/fsl_sysctr.o
                0x000000001ffe7e14                SYSCTR_CMP0_IRQHandler
 .text.XRDC_Init
                0x000000001ffe7e20        0x2 build_mx8qx_b0/drivers/xrdc2/fsl_xrdc2.o
                0x000000001ffe7e20                XRDC_Init
 .text.XRDC_Config
                0x000000001ffe7e22       0x32 build_mx8qx_b0/drivers/xrdc2/fsl_xrdc2.o
                0x000000001ffe7e22                XRDC_Config
 .text.XRDC_GetMsc
                0x000000001ffe7e54       0x90 build_mx8qx_b0/drivers/xrdc2/fsl_xrdc2.o
                0x000000001ffe7e54                XRDC_GetMsc
 .text.XRDC_SetMsc
                0x000000001ffe7ee4       0xd0 build_mx8qx_b0/drivers/xrdc2/fsl_xrdc2.o
                0x000000001ffe7ee4                XRDC_SetMsc
 .text.XRDC_SetMultiMsc
                0x000000001ffe7fb4       0x32 build_mx8qx_b0/drivers/xrdc2/fsl_xrdc2.o
                0x000000001ffe7fb4                XRDC_SetMultiMsc
 .text.XRDC_GetMda
                0x000000001ffe7fe6       0xba build_mx8qx_b0/drivers/xrdc2/fsl_xrdc2.o
                0x000000001ffe7fe6                XRDC_GetMda
 .text.XRDC_SetMda
                0x000000001ffe80a0       0xb2 build_mx8qx_b0/drivers/xrdc2/fsl_xrdc2.o
                0x000000001ffe80a0                XRDC_SetMda
 .text.XRDC_GetMrc
                0x000000001ffe8152      0x1a2 build_mx8qx_b0/drivers/xrdc2/fsl_xrdc2.o
                0x000000001ffe8152                XRDC_GetMrc
 .text.XRDC_SetMrc
                0x000000001ffe82f4      0x222 build_mx8qx_b0/drivers/xrdc2/fsl_xrdc2.o
                0x000000001ffe82f4                XRDC_SetMrc
 .text.XRDC_InvalidateMrc
                0x000000001ffe8516      0x106 build_mx8qx_b0/drivers/xrdc2/fsl_xrdc2.o
                0x000000001ffe8516                XRDC_InvalidateMrc
 .text.XRDC_FindMrc
                0x000000001ffe861c       0x94 build_mx8qx_b0/drivers/xrdc2/fsl_xrdc2.o
                0x000000001ffe861c                XRDC_FindMrc
 .text.XRDC_UnusedMrc
                0x000000001ffe86b0       0x62 build_mx8qx_b0/drivers/xrdc2/fsl_xrdc2.o
                0x000000001ffe86b0                XRDC_UnusedMrc
 *fill*         0x000000001ffe8712        0x2 
 .text.XRDC_PacCheck
                0x000000001ffe8714       0x34 build_mx8qx_b0/drivers/xrdc2/fsl_xrdc2.o
                0x000000001ffe8714                XRDC_PacCheck
 .text.check_pac_slot
                0x000000001ffe8748       0x9c build_mx8qx_b0/drivers/xrdc2/fsl_xrdc2.o
                0x000000001ffe8748                check_pac_slot
 .text.XRDC_GetPdac
                0x000000001ffe87e4       0xa2 build_mx8qx_b0/drivers/xrdc2/fsl_xrdc2.o
                0x000000001ffe87e4                XRDC_GetPdac
 .text.XRDC_SetPdac
                0x000000001ffe8886      0x11e build_mx8qx_b0/drivers/xrdc2/fsl_xrdc2.o
                0x000000001ffe8886                XRDC_SetPdac
 .text.XRDC_SetMultiPdac
                0x000000001ffe89a4       0x38 build_mx8qx_b0/drivers/xrdc2/fsl_xrdc2.o
                0x000000001ffe89a4                XRDC_SetMultiPdac
 .text.MTR_repair_mem
                0x000000001ffe89dc       0x28 build_mx8qx_b0/drivers/mtr/fsl_mtr.o
                0x000000001ffe89dc                MTR_repair_mem
 .text.MTR_bisr_xfer
                0x000000001ffe8a04       0x48 build_mx8qx_b0/drivers/mtr/fsl_mtr.o
                0x000000001ffe8a04                MTR_bisr_xfer
 .text.MTR_bisr_soft_reset
                0x000000001ffe8a4c        0xe build_mx8qx_b0/drivers/mtr/fsl_mtr.o
                0x000000001ffe8a4c                MTR_bisr_soft_reset
 .text.IGPIO_PinWrite
                0x000000001ffe8a5a       0x18 build_mx8qx_b0/drivers/igpio/fsl_igpio.o
                0x000000001ffe8a5a                IGPIO_PinWrite
 .text.IGPIO_PinSetInterruptConfig
                0x000000001ffe8a72       0x7c build_mx8qx_b0/drivers/igpio/fsl_igpio.o
                0x000000001ffe8a72                IGPIO_PinSetInterruptConfig
 .text.IGPIO_PinInit
                0x000000001ffe8aee       0x3a build_mx8qx_b0/drivers/igpio/fsl_igpio.o
                0x000000001ffe8aee                IGPIO_PinInit
 .text.LPI2C_GetCyclesForWidth
                0x000000001ffe8b28       0x40 build_mx8qx_b0/drivers/lpi2c/fsl_lpi2c.o
 .text.CLOCK_EnableClock
                0x000000001ffe8b68       0x1c build_mx8qx_b0/drivers/lpi2c/fsl_lpi2c.o
 .text.LPI2C_GetInstance
                0x000000001ffe8b84       0x1c build_mx8qx_b0/drivers/lpi2c/fsl_lpi2c.o
                0x000000001ffe8b84                LPI2C_GetInstance
 .text.LPI2C_MasterCheckAndClearError
                0x000000001ffe8ba0       0x42 build_mx8qx_b0/drivers/lpi2c/fsl_lpi2c.o
                0x000000001ffe8ba0                LPI2C_MasterCheckAndClearError
 .text.LPI2C_MasterWaitForTxReady
                0x000000001ffe8be2       0x18 build_mx8qx_b0/drivers/lpi2c/fsl_lpi2c.o
 .text.LPI2C_CheckForBusyBus
                0x000000001ffe8bfa       0x14 build_mx8qx_b0/drivers/lpi2c/fsl_lpi2c.o
                0x000000001ffe8bfa                LPI2C_CheckForBusyBus
 *fill*         0x000000001ffe8c0e        0x2 
 .text.LPI2C_MasterGetDefaultConfig
                0x000000001ffe8c10       0x28 build_mx8qx_b0/drivers/lpi2c/fsl_lpi2c.o
                0x000000001ffe8c10                LPI2C_MasterGetDefaultConfig
 .text.LPI2C_MasterSetBaudRate
                0x000000001ffe8c38       0xe0 build_mx8qx_b0/drivers/lpi2c/fsl_lpi2c.o
                0x000000001ffe8c38                LPI2C_MasterSetBaudRate
 .text.LPI2C_MasterInit
                0x000000001ffe8d18      0x108 build_mx8qx_b0/drivers/lpi2c/fsl_lpi2c.o
                0x000000001ffe8d18                LPI2C_MasterInit
 .text.LPI2C_MasterStart
                0x000000001ffe8e20       0x30 build_mx8qx_b0/drivers/lpi2c/fsl_lpi2c.o
                0x000000001ffe8e20                LPI2C_MasterStart
 .text.LPI2C_MasterStop
                0x000000001ffe8e50       0x2c build_mx8qx_b0/drivers/lpi2c/fsl_lpi2c.o
                0x000000001ffe8e50                LPI2C_MasterStop
 .text.LPI2C_MasterReceive
                0x000000001ffe8e7c       0x3c build_mx8qx_b0/drivers/lpi2c/fsl_lpi2c.o
                0x000000001ffe8e7c                LPI2C_MasterReceive
 .text.LPI2C_MasterSend
                0x000000001ffe8eb8       0x22 build_mx8qx_b0/drivers/lpi2c/fsl_lpi2c.o
                0x000000001ffe8eb8                LPI2C_MasterSend
 *fill*         0x000000001ffe8eda        0x2 
 .text.LPIT_Init
                0x000000001ffe8edc       0x48 build_mx8qx_b0/drivers/lpit/fsl_lpit.o
                0x000000001ffe8edc                LPIT_Init
 .text.LPIT_SetupChannel
                0x000000001ffe8f24       0x58 build_mx8qx_b0/drivers/lpit/fsl_lpit.o
                0x000000001ffe8f24                LPIT_SetupChannel
 .text.LPCG_ClockOn
                0x000000001ffe8f7c       0x18 build_mx8qx_b0/drivers/lpcg/fsl_lpcg.o
                0x000000001ffe8f7c                LPCG_ClockOn
 .text.LPCG_ClockAutoGate
                0x000000001ffe8f94        0xe build_mx8qx_b0/drivers/lpcg/fsl_lpcg.o
                0x000000001ffe8f94                LPCG_ClockAutoGate
 .text.LPCG_AllClockOn
                0x000000001ffe8fa2       0x10 build_mx8qx_b0/drivers/lpcg/fsl_lpcg.o
                0x000000001ffe8fa2                LPCG_AllClockOn
 .text.LPCG_AllClockAutoGate
                0x000000001ffe8fb2        0x8 build_mx8qx_b0/drivers/lpcg/fsl_lpcg.o
                0x000000001ffe8fb2                LPCG_AllClockAutoGate
 *fill*         0x000000001ffe8fba        0x2 
 .text.LPUART_GetInstance
                0x000000001ffe8fbc       0x1c build_mx8qx_b0/drivers/lpuart/fsl_lpuart.o
                0x000000001ffe8fbc                LPUART_GetInstance
 .text.LPUART_Deinit
                0x000000001ffe8fd8       0x34 build_mx8qx_b0/drivers/lpuart/fsl_lpuart.o
                0x000000001ffe8fd8                LPUART_Deinit
 .text.LPUART_GetStatusFlags
                0x000000001ffe900c       0x10 build_mx8qx_b0/drivers/lpuart/fsl_lpuart.o
                0x000000001ffe900c                LPUART_GetStatusFlags
 .text.LPUART_ClearStatusFlags
                0x000000001ffe901c       0x40 build_mx8qx_b0/drivers/lpuart/fsl_lpuart.o
                0x000000001ffe901c                LPUART_ClearStatusFlags
 .text.LPUART_WriteBlocking
                0x000000001ffe905c       0x28 build_mx8qx_b0/drivers/lpuart/fsl_lpuart.o
                0x000000001ffe905c                LPUART_WriteBlocking
 .text.LPUART_ReadBlocking
                0x000000001ffe9084       0x80 build_mx8qx_b0/drivers/lpuart/fsl_lpuart.o
                0x000000001ffe9084                LPUART_ReadBlocking
 .text.MU_SendMsg
                0x000000001ffe9104       0x14 build_mx8qx_b0/drivers/mu/fsl_mu.o
                0x000000001ffe9104                MU_SendMsg
 .text.MU_ReceiveMsg
                0x000000001ffe9118       0x14 build_mx8qx_b0/drivers/mu/fsl_mu.o
                0x000000001ffe9118                MU_ReceiveMsg
 .text.MU_TriggerInterrupts
                0x000000001ffe912c       0x1c build_mx8qx_b0/drivers/mu/fsl_mu.o
                0x000000001ffe912c                MU_TriggerInterrupts
 .text.otp_check_locked
                0x000000001ffe9148       0x38 build_mx8qx_b0/drivers/otp/fsl_otp.o
 .text.OTP_Write
                0x000000001ffe9180       0xe0 build_mx8qx_b0/drivers/otp/fsl_otp.o
                0x000000001ffe9180                OTP_Write
 .text.OTP_Get_Fuse
                0x000000001ffe9260       0x30 build_mx8qx_b0/drivers/otp/fsl_otp.o
                0x000000001ffe9260                OTP_Get_Fuse
 .text.SNVS_Init
                0x000000001ffe9290       0x38 build_mx8qx_b0/drivers/snvs/v2/fsl_snvs.o
                0x000000001ffe9290                SNVS_Init
 .text.SNVS_PowerOff
                0x000000001ffe92c8       0x24 build_mx8qx_b0/drivers/snvs/v2/fsl_snvs.o
                0x000000001ffe92c8                SNVS_PowerOff
 .text.SNVS_GetSecureRtc
                0x000000001ffe92ec       0x24 build_mx8qx_b0/drivers/snvs/v2/fsl_snvs.o
                0x000000001ffe92ec                SNVS_GetSecureRtc
 .text.SNVS_SetSecureRtcCalb
                0x000000001ffe9310       0x24 build_mx8qx_b0/drivers/snvs/v2/fsl_snvs.o
                0x000000001ffe9310                SNVS_SetSecureRtcCalb
 .text.SNVS_SetSecureRtcAlarm
                0x000000001ffe9334       0x24 build_mx8qx_b0/drivers/snvs/v2/fsl_snvs.o
                0x000000001ffe9334                SNVS_SetSecureRtcAlarm
 .text.SNVS_SetRtc
                0x000000001ffe9358       0x24 build_mx8qx_b0/drivers/snvs/v2/fsl_snvs.o
                0x000000001ffe9358                SNVS_SetRtc
 .text.SNVS_GetRtc
                0x000000001ffe937c       0x24 build_mx8qx_b0/drivers/snvs/v2/fsl_snvs.o
                0x000000001ffe937c                SNVS_GetRtc
 .text.SNVS_SetRtcCalb
                0x000000001ffe93a0       0x24 build_mx8qx_b0/drivers/snvs/v2/fsl_snvs.o
                0x000000001ffe93a0                SNVS_SetRtcCalb
 .text.SNVS_SetRtcAlarm
                0x000000001ffe93c4       0x2c build_mx8qx_b0/drivers/snvs/v2/fsl_snvs.o
                0x000000001ffe93c4                SNVS_SetRtcAlarm
 .text.SNVS_ConfigButton
                0x000000001ffe93f0       0x44 build_mx8qx_b0/drivers/snvs/v2/fsl_snvs.o
                0x000000001ffe93f0                SNVS_ConfigButton
 .text.SNVS_GetButtonStatus
                0x000000001ffe9434       0x16 build_mx8qx_b0/drivers/snvs/v2/fsl_snvs.o
                0x000000001ffe9434                SNVS_GetButtonStatus
 .text.SNVS_ClearButtonIRQ
                0x000000001ffe944a       0x14 build_mx8qx_b0/drivers/snvs/v2/fsl_snvs.o
                0x000000001ffe944a                SNVS_ClearButtonIRQ
 *fill*         0x000000001ffe945e        0x2 
 .text.SNVS_EnterLPM
                0x000000001ffe9460       0x54 build_mx8qx_b0/drivers/snvs/v2/fsl_snvs.o
                0x000000001ffe9460                SNVS_EnterLPM
 .text.SNVS_ExitLPM
                0x000000001ffe94b4       0x44 build_mx8qx_b0/drivers/snvs/v2/fsl_snvs.o
                0x000000001ffe94b4                SNVS_ExitLPM
 .text.SNVS_SecurityViolation_IRQHandler
                0x000000001ffe94f8       0x14 build_mx8qx_b0/drivers/snvs/v2/fsl_snvs.o
                0x000000001ffe94f8                SNVS_SecurityViolation_IRQHandler
 .text.SNVS_PowerOff_IRQHandler
                0x000000001ffe950c       0x24 build_mx8qx_b0/drivers/snvs/v2/fsl_snvs.o
                0x000000001ffe950c                SNVS_PowerOff_IRQHandler
 .text.SNVS_ReadGP
                0x000000001ffe9530       0x30 build_mx8qx_b0/drivers/snvs/v2/fsl_snvs.o
                0x000000001ffe9530                SNVS_ReadGP
 .text.SNVS_WriteGP
                0x000000001ffe9560       0x1e build_mx8qx_b0/drivers/snvs/v2/fsl_snvs.o
                0x000000001ffe9560                SNVS_WriteGP
 .text.STC_RIL_SetInterleave
                0x000000001ffe957e        0xa build_mx8qx_b0/drivers/stc/fsl_stc.o
                0x000000001ffe957e                STC_RIL_SetInterleave
 .text.STC_RCAT_SetCategorization
                0x000000001ffe9588       0x16 build_mx8qx_b0/drivers/stc/fsl_stc.o
                0x000000001ffe9588                STC_RCAT_SetCategorization
 .text.STC_QOS_Panic
                0x000000001ffe959e        0xe build_mx8qx_b0/drivers/stc/fsl_stc.o
                0x000000001ffe959e                STC_QOS_Panic
 .text.SYSTICK_Init
                0x000000001ffe95ac       0x18 build_mx8qx_b0/drivers/systick/fsl_systick.o
                0x000000001ffe95ac                SYSTICK_Init
 .text.SYSTICK_TickDiff32
                0x000000001ffe95c4        0xe build_mx8qx_b0/drivers/systick/fsl_systick.o
                0x000000001ffe95c4                SYSTICK_TickDiff32
 *fill*         0x000000001ffe95d2        0x2 
 .text.SYSTICK_CycleDelay
                0x000000001ffe95d4       0x1c build_mx8qx_b0/drivers/systick/fsl_systick.o
                0x000000001ffe95d4                SYSTICK_CycleDelay
 .text.SYSTICK_TimeDelay
                0x000000001ffe95f0       0x30 build_mx8qx_b0/drivers/systick/fsl_systick.o
                0x000000001ffe95f0                SYSTICK_TimeDelay
 .text.SYSTICK_TimeDelayVar
                0x000000001ffe9620       0x2e build_mx8qx_b0/drivers/systick/fsl_systick.o
                0x000000001ffe9620                SYSTICK_TimeDelayVar
 *fill*         0x000000001ffe964e        0x2 
 .text.ddrc_mrw.constprop.1
                0x000000001ffe9650       0x60 build_mx8qx_b0/drivers/drc/fsl_drc.o
 .text.ddr_enter_retention
                0x000000001ffe96b0      0x840 build_mx8qx_b0/drivers/drc/fsl_drc.o
                0x000000001ffe96b0                ddr_enter_retention
 .text.ddr_exit_retention
                0x000000001ffe9ef0      0x96c build_mx8qx_b0/drivers/drc/fsl_drc.o
                0x000000001ffe9ef0                ddr_exit_retention
 .text.WRM32    0x000000001ffea85c        0xc build_mx8qx_b0/drivers/drc/fsl_drc_derate.o
 .text.ddrc_mrr.constprop.1
                0x000000001ffea868       0xa2 build_mx8qx_b0/drivers/drc/fsl_drc_derate.o
 *fill*         0x000000001ffea90a        0x2 
 .text.ddrc_lpddr4_derate_init
                0x000000001ffea90c      0x1b8 build_mx8qx_b0/drivers/drc/fsl_drc_derate.o
                0x000000001ffea90c                ddrc_lpddr4_derate_init
 .text.ddrc_lpddr4_derate_periodic
                0x000000001ffeaac4       0xe8 build_mx8qx_b0/drivers/drc/fsl_drc_derate.o
                0x000000001ffeaac4                ddrc_lpddr4_derate_periodic
 .text.i2c_write_sub
                0x000000001ffeabac       0x4c build_mx8qx_b0/drivers/pmic/fsl_pmic.o
                0x000000001ffeabac                i2c_write_sub
 .text.i2c_write
                0x000000001ffeabf8        0x4 build_mx8qx_b0/drivers/pmic/fsl_pmic.o
                0x000000001ffeabf8                i2c_write
 .text.i2c_read_sub
                0x000000001ffeabfc       0x6c build_mx8qx_b0/drivers/pmic/fsl_pmic.o
                0x000000001ffeabfc                i2c_read_sub
 .text.i2c_read
                0x000000001ffeac68        0x4 build_mx8qx_b0/drivers/pmic/fsl_pmic.o
                0x000000001ffeac68                i2c_read
 .text.check_si_rev
                0x000000001ffeac6c       0x34 build_mx8qx_b0/drivers/pmic/pf8100/fsl_pf8100.o
 .text.pf8100_get_pmic_version
                0x000000001ffeaca0       0x54 build_mx8qx_b0/drivers/pmic/pf8100/fsl_pf8100.o
                0x000000001ffeaca0                pf8100_get_pmic_version
 .text.pf8100_pmic_set_voltage
                0x000000001ffeacf4      0x188 build_mx8qx_b0/drivers/pmic/pf8100/fsl_pf8100.o
                0x000000001ffeacf4                pf8100_pmic_set_voltage
 .text.pf8100_pmic_set_mode
                0x000000001ffeae7c       0xac build_mx8qx_b0/drivers/pmic/pf8100/fsl_pf8100.o
                0x000000001ffeae7c                pf8100_pmic_set_mode
 .text.pf8100_get_pmic_temp
                0x000000001ffeaf28       0x80 build_mx8qx_b0/drivers/pmic/pf8100/fsl_pf8100.o
                0x000000001ffeaf28                pf8100_get_pmic_temp
 .text.pf8100_set_pmic_temp_alarm
                0x000000001ffeafa8       0x84 build_mx8qx_b0/drivers/pmic/pf8100/fsl_pf8100.o
                0x000000001ffeafa8                pf8100_set_pmic_temp_alarm
 .text.pf8100_pmic_register_access
                0x000000001ffeb02c       0x40 build_mx8qx_b0/drivers/pmic/pf8100/fsl_pf8100.o
                0x000000001ffeb02c                pf8100_pmic_register_access
 .text.pf8100_pmic_irq_service
                0x000000001ffeb06c       0x62 build_mx8qx_b0/drivers/pmic/pf8100/fsl_pf8100.o
                0x000000001ffeb06c                pf8100_pmic_irq_service
 *fill*         0x000000001ffeb0ce        0x2 
 .text.ss_init  0x000000001ffeb0d0       0x20 build_mx8qx_b0/ss/inf/inf.o
                0x000000001ffeb0d0                ss_init
 .text.ss_trans_power_mode
                0x000000001ffeb0f0       0x74 build_mx8qx_b0/ss/inf/inf.o
                0x000000001ffeb0f0                ss_trans_power_mode
 .text.ss_rsrc_reset
                0x000000001ffeb164       0x58 build_mx8qx_b0/ss/inf/inf.o
                0x000000001ffeb164                ss_rsrc_reset
 .text.ss_set_cpu_power_mode
                0x000000001ffeb1bc       0x5c build_mx8qx_b0/ss/inf/inf.o
                0x000000001ffeb1bc                ss_set_cpu_power_mode
 .text.ss_set_cpu_resume
                0x000000001ffeb218       0x60 build_mx8qx_b0/ss/inf/inf.o
                0x000000001ffeb218                ss_set_cpu_resume
 .text.ss_req_sys_if_power_mode
                0x000000001ffeb278       0x60 build_mx8qx_b0/ss/inf/inf.o
                0x000000001ffeb278                ss_req_sys_if_power_mode
 .text.ss_updown
                0x000000001ffeb2d8       0x2c build_mx8qx_b0/ss/inf/inf.o
                0x000000001ffeb2d8                ss_updown
 .text.ss_prepost_power_mode
                0x000000001ffeb304       0x38 build_mx8qx_b0/ss/inf/inf.o
                0x000000001ffeb304                ss_prepost_power_mode
 .text.ss_iso_disable
                0x000000001ffeb33c       0x28 build_mx8qx_b0/ss/inf/inf.o
                0x000000001ffeb33c                ss_iso_disable
 .text.ss_link_enable
                0x000000001ffeb364       0x28 build_mx8qx_b0/ss/inf/inf.o
                0x000000001ffeb364                ss_link_enable
 .text.ss_ssi_power
                0x000000001ffeb38c       0x2c build_mx8qx_b0/ss/inf/inf.o
                0x000000001ffeb38c                ss_ssi_power
 .text.ss_ssi_bhole_mode
                0x000000001ffeb3b8       0x28 build_mx8qx_b0/ss/inf/inf.o
                0x000000001ffeb3b8                ss_ssi_bhole_mode
 .text.ss_ssi_pause_mode
                0x000000001ffeb3e0       0x28 build_mx8qx_b0/ss/inf/inf.o
                0x000000001ffeb3e0                ss_ssi_pause_mode
 .text.ss_ssi_wait_idle
                0x000000001ffeb408       0x28 build_mx8qx_b0/ss/inf/inf.o
                0x000000001ffeb408                ss_ssi_wait_idle
 .text.ss_adb_enable
                0x000000001ffeb430       0x28 build_mx8qx_b0/ss/inf/inf.o
                0x000000001ffeb430                ss_adb_enable
 .text.ss_adb_wait
                0x000000001ffeb458       0x28 build_mx8qx_b0/ss/inf/inf.o
                0x000000001ffeb458                ss_adb_wait
 .text.ss_set_clock_rate
                0x000000001ffeb480       0x5c build_mx8qx_b0/ss/inf/inf.o
                0x000000001ffeb480                ss_set_clock_rate
 .text.ss_get_clock_rate
                0x000000001ffeb4dc       0x5c build_mx8qx_b0/ss/inf/inf.o
                0x000000001ffeb4dc                ss_get_clock_rate
 .text.ss_clock_enable
                0x000000001ffeb538       0x60 build_mx8qx_b0/ss/inf/inf.o
                0x000000001ffeb538                ss_clock_enable
 .text.ss_force_clock_enable
                0x000000001ffeb598       0x5c build_mx8qx_b0/ss/inf/inf.o
                0x000000001ffeb598                ss_force_clock_enable
 .text.ss_set_clock_parent
                0x000000001ffeb5f4       0x5c build_mx8qx_b0/ss/inf/inf.o
                0x000000001ffeb5f4                ss_set_clock_parent
 .text.ss_get_clock_parent
                0x000000001ffeb650       0x5c build_mx8qx_b0/ss/inf/inf.o
                0x000000001ffeb650                ss_get_clock_parent
 .text.ss_prepost_clock_mode
                0x000000001ffeb6ac       0x30 build_mx8qx_b0/ss/inf/inf.o
                0x000000001ffeb6ac                ss_prepost_clock_mode
 .text.ss_mu_irq
                0x000000001ffeb6dc       0x58 build_mx8qx_b0/ss/inf/inf.o
                0x000000001ffeb6dc                ss_mu_irq
 .text.ss_cpu_start
                0x000000001ffeb734       0x60 build_mx8qx_b0/ss/inf/inf.o
                0x000000001ffeb734                ss_cpu_start
 .text.ss_rdc_enable
                0x000000001ffeb794       0x2c build_mx8qx_b0/ss/inf/inf.o
                0x000000001ffeb794                ss_rdc_enable
 .text.ss_rdc_set_master
                0x000000001ffeb7c0       0x70 build_mx8qx_b0/ss/inf/inf.o
                0x000000001ffeb7c0                ss_rdc_set_master
 .text.ss_rdc_set_peripheral
                0x000000001ffeb830       0x5c build_mx8qx_b0/ss/inf/inf.o
                0x000000001ffeb830                ss_rdc_set_peripheral
 .text.ss_rdc_is_did_vld
                0x000000001ffeb88c       0x30 build_mx8qx_b0/ss/inf/inf.o
                0x000000001ffeb88c                ss_rdc_is_did_vld
 .text.ss_set_control
                0x000000001ffeb8bc       0x5c build_mx8qx_b0/ss/inf/inf.o
                0x000000001ffeb8bc                ss_set_control
 .text.ss_get_control
                0x000000001ffeb918       0x5c build_mx8qx_b0/ss/inf/inf.o
                0x000000001ffeb918                ss_get_control
 .text.ss_irq_enable
                0x000000001ffeb974       0x64 build_mx8qx_b0/ss/inf/inf.o
                0x000000001ffeb974                ss_irq_enable
 .text.ss_irq_status
                0x000000001ffeb9d8       0x5c build_mx8qx_b0/ss/inf/inf.o
                0x000000001ffeb9d8                ss_irq_status
 .text.ss_irq_trigger
                0x000000001ffeba34       0x58 build_mx8qx_b0/ss/inf/inf.o
                0x000000001ffeba34                ss_irq_trigger
 .text.ss_get_resource
                0x000000001ffeba8c       0x38 build_mx8qx_b0/ss/inf/inf.o
                0x000000001ffeba8c                ss_get_resource
 .text.ss_overlap
                0x000000001ffebac4       0x5a build_mx8qx_b0/ss/inf/inf.o
                0x000000001ffebac4                ss_overlap
 *fill*         0x000000001ffebb1e        0x2 
 .text.ss_rdc_set_memory
                0x000000001ffebb20      0x328 build_mx8qx_b0/ss/inf/inf.o
                0x000000001ffebb20                ss_rdc_set_memory
 .text.ss_do_mem_repair
                0x000000001ffebe48       0x28 build_mx8qx_b0/ss/inf/inf.o
                0x000000001ffebe48                ss_do_mem_repair
 .text.ss_dsc_handler_dbgack
                0x000000001ffebe70       0x1e build_mx8qx_b0/ss/a35/v1/ss.o
 .text.ss_dsc_handler_wfi_a35_3
                0x000000001ffebe8e       0x20 build_mx8qx_b0/ss/a35/v1/ss.o
 .text.ss_dsc_handler_wfi_a35_2
                0x000000001ffebeae       0x20 build_mx8qx_b0/ss/a35/v1/ss.o
 .text.ss_dsc_handler_wfi_a35_1
                0x000000001ffebece       0x20 build_mx8qx_b0/ss/a35/v1/ss.o
 .text.ss_dsc_handler_wfi_a35_0
                0x000000001ffebeee       0x20 build_mx8qx_b0/ss/a35/v1/ss.o
 *fill*         0x000000001ffebf0e        0x2 
 .text.ss_init_a35
                0x000000001ffebf10       0x38 build_mx8qx_b0/ss/a35/v1/ss.o
                0x000000001ffebf10                ss_init_a35
 .text.ss_updown_a35
                0x000000001ffebf48       0xac build_mx8qx_b0/ss/a35/v1/ss.o
                0x000000001ffebf48                ss_updown_a35
 .text.ss_prepost_power_mode_a35
                0x000000001ffebff4       0xd4 build_mx8qx_b0/ss/a35/v1/ss.o
                0x000000001ffebff4                ss_prepost_power_mode_a35
 .text.ss_link_enable_a35
                0x000000001ffec0c8       0x2c build_mx8qx_b0/ss/a35/v1/ss.o
                0x000000001ffec0c8                ss_link_enable_a35
 .text.ss_adb_enable_a35
                0x000000001ffec0f4        0x6 build_mx8qx_b0/ss/a35/v1/ss.o
                0x000000001ffec0f4                ss_adb_enable_a35
 .text.ss_adb_wait_a35
                0x000000001ffec0fa        0x6 build_mx8qx_b0/ss/a35/v1/ss.o
                0x000000001ffec0fa                ss_adb_wait_a35
 .text.ss_cpu_start_a35
                0x000000001ffec100      0x1c4 build_mx8qx_b0/ss/a35/v1/ss.o
                0x000000001ffec100                ss_cpu_start_a35
 .text.ss_set_clock_rate_a35
                0x000000001ffec2c4       0x6c build_mx8qx_b0/ss/a35/v1/ss.o
                0x000000001ffec2c4                ss_set_clock_rate_a35
 .text.ss_rdc_set_master_a35
                0x000000001ffec330       0x34 build_mx8qx_b0/ss/a35/v1/ss.o
                0x000000001ffec330                ss_rdc_set_master_a35
 .text.ss_set_cpu_resume_a35